<?xml version="1.0" encoding="ISO-8859-1" ?>
<link_info>
   <banner>TI ARM Linker PC v20.2.7.LTS</banner>
   <copyright>Copyright (c) 1996-2018 Texas Instruments Incorporated</copyright>
   <link_time>0x641bb017</link_time>
   <link_errors>0x0</link_errors>
   <output_file>IoTsdr.out</output_file>
   <entry_point>
      <name>_c_int00_noargs</name>
      <address>0x28f31</address>
   </entry_point>
   <input_file_list>
      <input_file id="fl-2">
         <path>.\</path>
         <kind>object</kind>
         <file>main.obj</file>
         <name>main.obj</name>
      </input_file>
      <input_file id="fl-3">
         <path>.\</path>
         <kind>object</kind>
         <file>startup_msp432p401r_ccs.obj</file>
         <name>startup_msp432p401r_ccs.obj</name>
      </input_file>
      <input_file id="fl-4">
         <path>.\</path>
         <kind>object</kind>
         <file>system_msp432p401r.obj</file>
         <name>system_msp432p401r.obj</name>
      </input_file>
      <input_file id="fl-5">
         <path>.\app\ble\</path>
         <kind>object</kind>
         <file>ble.obj</file>
         <name>ble.obj</name>
      </input_file>
      <input_file id="fl-6">
         <path>.\app\</path>
         <kind>object</kind>
         <file>tasks.obj</file>
         <name>tasks.obj</name>
      </input_file>
      <input_file id="fl-7">
         <path>.\at86rf215\</path>
         <kind>object</kind>
         <file>at86rf215.obj</file>
         <name>at86rf215.obj</name>
      </input_file>
      <input_file id="fl-8">
         <path>.\driverlib\MSP432P4xx\</path>
         <kind>object</kind>
         <file>adc14.obj</file>
         <name>adc14.obj</name>
      </input_file>
      <input_file id="fl-9">
         <path>.\driverlib\MSP432P4xx\</path>
         <kind>object</kind>
         <file>aes256.obj</file>
         <name>aes256.obj</name>
      </input_file>
      <input_file id="fl-a">
         <path>.\driverlib\MSP432P4xx\</path>
         <kind>object</kind>
         <file>comp_e.obj</file>
         <name>comp_e.obj</name>
      </input_file>
      <input_file id="fl-b">
         <path>.\driverlib\MSP432P4xx\</path>
         <kind>object</kind>
         <file>cpu.obj</file>
         <name>cpu.obj</name>
      </input_file>
      <input_file id="fl-c">
         <path>.\driverlib\MSP432P4xx\</path>
         <kind>object</kind>
         <file>crc32.obj</file>
         <name>crc32.obj</name>
      </input_file>
      <input_file id="fl-d">
         <path>.\driverlib\MSP432P4xx\</path>
         <kind>object</kind>
         <file>cs.obj</file>
         <name>cs.obj</name>
      </input_file>
      <input_file id="fl-e">
         <path>.\driverlib\MSP432P4xx\</path>
         <kind>object</kind>
         <file>dma.obj</file>
         <name>dma.obj</name>
      </input_file>
      <input_file id="fl-f">
         <path>.\driverlib\MSP432P4xx\</path>
         <kind>object</kind>
         <file>flash.obj</file>
         <name>flash.obj</name>
      </input_file>
      <input_file id="fl-10">
         <path>.\driverlib\MSP432P4xx\</path>
         <kind>object</kind>
         <file>fpu.obj</file>
         <name>fpu.obj</name>
      </input_file>
      <input_file id="fl-11">
         <path>.\driverlib\MSP432P4xx\</path>
         <kind>object</kind>
         <file>gpio.obj</file>
         <name>gpio.obj</name>
      </input_file>
      <input_file id="fl-12">
         <path>.\driverlib\MSP432P4xx\</path>
         <kind>object</kind>
         <file>i2c.obj</file>
         <name>i2c.obj</name>
      </input_file>
      <input_file id="fl-13">
         <path>.\driverlib\MSP432P4xx\</path>
         <kind>object</kind>
         <file>interrupt.obj</file>
         <name>interrupt.obj</name>
      </input_file>
      <input_file id="fl-14">
         <path>.\driverlib\MSP432P4xx\</path>
         <kind>object</kind>
         <file>mpu.obj</file>
         <name>mpu.obj</name>
      </input_file>
      <input_file id="fl-15">
         <path>.\driverlib\MSP432P4xx\</path>
         <kind>object</kind>
         <file>pcm.obj</file>
         <name>pcm.obj</name>
      </input_file>
      <input_file id="fl-16">
         <path>.\driverlib\MSP432P4xx\</path>
         <kind>object</kind>
         <file>pmap.obj</file>
         <name>pmap.obj</name>
      </input_file>
      <input_file id="fl-17">
         <path>.\driverlib\MSP432P4xx\</path>
         <kind>object</kind>
         <file>pss.obj</file>
         <name>pss.obj</name>
      </input_file>
      <input_file id="fl-18">
         <path>.\driverlib\MSP432P4xx\</path>
         <kind>object</kind>
         <file>ref_a.obj</file>
         <name>ref_a.obj</name>
      </input_file>
      <input_file id="fl-19">
         <path>.\driverlib\MSP432P4xx\</path>
         <kind>object</kind>
         <file>reset.obj</file>
         <name>reset.obj</name>
      </input_file>
      <input_file id="fl-1a">
         <path>.\driverlib\MSP432P4xx\</path>
         <kind>object</kind>
         <file>rtc_c.obj</file>
         <name>rtc_c.obj</name>
      </input_file>
      <input_file id="fl-1b">
         <path>.\driverlib\MSP432P4xx\</path>
         <kind>object</kind>
         <file>spi.obj</file>
         <name>spi.obj</name>
      </input_file>
      <input_file id="fl-1c">
         <path>.\driverlib\MSP432P4xx\</path>
         <kind>object</kind>
         <file>sysctl.obj</file>
         <name>sysctl.obj</name>
      </input_file>
      <input_file id="fl-1d">
         <path>.\driverlib\MSP432P4xx\</path>
         <kind>object</kind>
         <file>systick.obj</file>
         <name>systick.obj</name>
      </input_file>
      <input_file id="fl-1e">
         <path>.\driverlib\MSP432P4xx\</path>
         <kind>object</kind>
         <file>timer32.obj</file>
         <name>timer32.obj</name>
      </input_file>
      <input_file id="fl-1f">
         <path>.\driverlib\MSP432P4xx\</path>
         <kind>object</kind>
         <file>timer_a.obj</file>
         <name>timer_a.obj</name>
      </input_file>
      <input_file id="fl-20">
         <path>.\driverlib\MSP432P4xx\</path>
         <kind>object</kind>
         <file>uart.obj</file>
         <name>uart.obj</name>
      </input_file>
      <input_file id="fl-21">
         <path>.\driverlib\MSP432P4xx\</path>
         <kind>object</kind>
         <file>wdt_a.obj</file>
         <name>wdt_a.obj</name>
      </input_file>
      <input_file id="fl-22">
         <path>.\flash\</path>
         <kind>object</kind>
         <file>mx25r6435f.obj</file>
         <name>mx25r6435f.obj</name>
      </input_file>
      <input_file id="fl-23">
         <path>.\fpga\</path>
         <kind>object</kind>
         <file>fpga.obj</file>
         <name>fpga.obj</name>
      </input_file>
      <input_file id="fl-24">
         <path>.\mcp9808\</path>
         <kind>object</kind>
         <file>mcp9808.obj</file>
         <name>mcp9808.obj</name>
      </input_file>
      <input_file id="fl-25">
         <path>.\sx1276\</path>
         <kind>object</kind>
         <file>sx1276.obj</file>
         <name>sx1276.obj</name>
      </input_file>
      <input_file id="fl-26">
         <path>.\system\</path>
         <kind>object</kind>
         <file>board.obj</file>
         <name>board.obj</name>
      </input_file>
      <input_file id="fl-27">
         <path>.\system\</path>
         <kind>object</kind>
         <file>clock.obj</file>
         <name>clock.obj</name>
      </input_file>
      <input_file id="fl-28">
         <path>.\system\</path>
         <kind>object</kind>
         <file>gpio.obj</file>
         <name>gpio.obj</name>
      </input_file>
      <input_file id="fl-29">
         <path>.\system\</path>
         <kind>object</kind>
         <file>i2c.obj</file>
         <name>i2c.obj</name>
      </input_file>
      <input_file id="fl-2a">
         <path>.\system\</path>
         <kind>object</kind>
         <file>power.obj</file>
         <name>power.obj</name>
      </input_file>
      <input_file id="fl-2b">
         <path>.\system\</path>
         <kind>object</kind>
         <file>spi.obj</file>
         <name>spi.obj</name>
      </input_file>
      <input_file id="fl-2c">
         <path>.\system\</path>
         <kind>object</kind>
         <file>timer.obj</file>
         <name>timer.obj</name>
      </input_file>
      <input_file id="fl-2d">
         <path>.\utils\</path>
         <kind>object</kind>
         <file>utils.obj</file>
         <name>utils.obj</name>
      </input_file>
      <input_file id="fl-31">
         <kind>object</kind>
         <file>&lt;internal&gt;</file>
         <name>&lt;internal&gt;</name>
      </input_file>
      <input_file id="fl-e7">
         <path>C:\ti\ccs1220\ccs\tools\compiler\ti-cgt-arm_20.2.7.LTS\lib\</path>
         <kind>archive</kind>
         <file>rtsv7M4_T_le_v4SPD16_eabi.lib</file>
         <name>s_ceil.c.obj</name>
      </input_file>
      <input_file id="fl-e8">
         <path>C:\ti\ccs1220\ccs\tools\compiler\ti-cgt-arm_20.2.7.LTS\lib\</path>
         <kind>archive</kind>
         <file>rtsv7M4_T_le_v4SPD16_eabi.lib</file>
         <name>s_floor.c.obj</name>
      </input_file>
      <input_file id="fl-e9">
         <path>C:\ti\ccs1220\ccs\tools\compiler\ti-cgt-arm_20.2.7.LTS\lib\</path>
         <kind>archive</kind>
         <file>rtsv7M4_T_le_v4SPD16_eabi.lib</file>
         <name>s_round.c.obj</name>
      </input_file>
      <input_file id="fl-ea">
         <path>C:\ti\ccs1220\ccs\tools\compiler\ti-cgt-arm_20.2.7.LTS\lib\</path>
         <kind>archive</kind>
         <file>rtsv7M4_T_le_v4SPD16_eabi.lib</file>
         <name>printf.c.obj</name>
      </input_file>
      <input_file id="fl-eb">
         <path>C:\ti\ccs1220\ccs\tools\compiler\ti-cgt-arm_20.2.7.LTS\lib\</path>
         <kind>archive</kind>
         <file>rtsv7M4_T_le_v4SPD16_eabi.lib</file>
         <name>_printfi.c.obj</name>
      </input_file>
      <input_file id="fl-ec">
         <path>C:\ti\ccs1220\ccs\tools\compiler\ti-cgt-arm_20.2.7.LTS\lib\</path>
         <kind>archive</kind>
         <file>rtsv7M4_T_le_v4SPD16_eabi.lib</file>
         <name>fputc.c.obj</name>
      </input_file>
      <input_file id="fl-ed">
         <path>C:\ti\ccs1220\ccs\tools\compiler\ti-cgt-arm_20.2.7.LTS\lib\</path>
         <kind>archive</kind>
         <file>rtsv7M4_T_le_v4SPD16_eabi.lib</file>
         <name>fputs.c.obj</name>
      </input_file>
      <input_file id="fl-ee">
         <path>C:\ti\ccs1220\ccs\tools\compiler\ti-cgt-arm_20.2.7.LTS\lib\</path>
         <kind>archive</kind>
         <file>rtsv7M4_T_le_v4SPD16_eabi.lib</file>
         <name>_io_perm.c.obj</name>
      </input_file>
      <input_file id="fl-ef">
         <path>C:\ti\ccs1220\ccs\tools\compiler\ti-cgt-arm_20.2.7.LTS\lib\</path>
         <kind>archive</kind>
         <file>rtsv7M4_T_le_v4SPD16_eabi.lib</file>
         <name>setvbuf.c.obj</name>
      </input_file>
      <input_file id="fl-f0">
         <path>C:\ti\ccs1220\ccs\tools\compiler\ti-cgt-arm_20.2.7.LTS\lib\</path>
         <kind>archive</kind>
         <file>rtsv7M4_T_le_v4SPD16_eabi.lib</file>
         <name>fd_add_t2.asm.obj</name>
      </input_file>
      <input_file id="fl-f1">
         <path>C:\ti\ccs1220\ccs\tools\compiler\ti-cgt-arm_20.2.7.LTS\lib\</path>
         <kind>archive</kind>
         <file>rtsv7M4_T_le_v4SPD16_eabi.lib</file>
         <name>fd_cmp_t2.asm.obj</name>
      </input_file>
      <input_file id="fl-f2">
         <path>C:\ti\ccs1220\ccs\tools\compiler\ti-cgt-arm_20.2.7.LTS\lib\</path>
         <kind>archive</kind>
         <file>rtsv7M4_T_le_v4SPD16_eabi.lib</file>
         <name>fd_div_t2.asm.obj</name>
      </input_file>
      <input_file id="fl-f3">
         <path>C:\ti\ccs1220\ccs\tools\compiler\ti-cgt-arm_20.2.7.LTS\lib\</path>
         <kind>archive</kind>
         <file>rtsv7M4_T_le_v4SPD16_eabi.lib</file>
         <name>fd_mul_t2.asm.obj</name>
      </input_file>
      <input_file id="fl-f4">
         <path>C:\ti\ccs1220\ccs\tools\compiler\ti-cgt-arm_20.2.7.LTS\lib\</path>
         <kind>archive</kind>
         <file>rtsv7M4_T_le_v4SPD16_eabi.lib</file>
         <name>fd_toi_t2.asm.obj</name>
      </input_file>
      <input_file id="fl-f5">
         <path>C:\ti\ccs1220\ccs\tools\compiler\ti-cgt-arm_20.2.7.LTS\lib\</path>
         <kind>archive</kind>
         <file>rtsv7M4_T_le_v4SPD16_eabi.lib</file>
         <name>fd_tou_t2.asm.obj</name>
      </input_file>
      <input_file id="fl-f6">
         <path>C:\ti\ccs1220\ccs\tools\compiler\ti-cgt-arm_20.2.7.LTS\lib\</path>
         <kind>archive</kind>
         <file>rtsv7M4_T_le_v4SPD16_eabi.lib</file>
         <name>fs_tod_t2.asm.obj</name>
      </input_file>
      <input_file id="fl-f7">
         <path>C:\ti\ccs1220\ccs\tools\compiler\ti-cgt-arm_20.2.7.LTS\lib\</path>
         <kind>archive</kind>
         <file>rtsv7M4_T_le_v4SPD16_eabi.lib</file>
         <name>i_tofd_t2.asm.obj</name>
      </input_file>
      <input_file id="fl-f8">
         <path>C:\ti\ccs1220\ccs\tools\compiler\ti-cgt-arm_20.2.7.LTS\lib\</path>
         <kind>archive</kind>
         <file>rtsv7M4_T_le_v4SPD16_eabi.lib</file>
         <name>memcpy_t2.asm.obj</name>
      </input_file>
      <input_file id="fl-f9">
         <path>C:\ti\ccs1220\ccs\tools\compiler\ti-cgt-arm_20.2.7.LTS\lib\</path>
         <kind>archive</kind>
         <file>rtsv7M4_T_le_v4SPD16_eabi.lib</file>
         <name>u_tofd_t2.asm.obj</name>
      </input_file>
      <input_file id="fl-fa">
         <path>C:\ti\ccs1220\ccs\tools\compiler\ti-cgt-arm_20.2.7.LTS\lib\</path>
         <kind>archive</kind>
         <file>rtsv7M4_T_le_v4SPD16_eabi.lib</file>
         <name>memset_t2.asm.obj</name>
      </input_file>
      <input_file id="fl-fb">
         <path>C:\ti\ccs1220\ccs\tools\compiler\ti-cgt-arm_20.2.7.LTS\lib\</path>
         <kind>archive</kind>
         <file>rtsv7M4_T_le_v4SPD16_eabi.lib</file>
         <name>ull_div_t2.asm.obj</name>
      </input_file>
      <input_file id="fl-fc">
         <path>C:\ti\ccs1220\ccs\tools\compiler\ti-cgt-arm_20.2.7.LTS\lib\</path>
         <kind>archive</kind>
         <file>rtsv7M4_T_le_v4SPD16_eabi.lib</file>
         <name>copy_zero_init.c.obj</name>
      </input_file>
      <input_file id="fl-fd">
         <path>C:\ti\ccs1220\ccs\tools\compiler\ti-cgt-arm_20.2.7.LTS\lib\</path>
         <kind>archive</kind>
         <file>rtsv7M4_T_le_v4SPD16_eabi.lib</file>
         <name>copy_decompress_none.c.obj</name>
      </input_file>
      <input_file id="fl-fe">
         <path>C:\ti\ccs1220\ccs\tools\compiler\ti-cgt-arm_20.2.7.LTS\lib\</path>
         <kind>archive</kind>
         <file>rtsv7M4_T_le_v4SPD16_eabi.lib</file>
         <name>copy_decompress_lzss.c.obj</name>
      </input_file>
      <input_file id="fl-ff">
         <path>C:\ti\ccs1220\ccs\tools\compiler\ti-cgt-arm_20.2.7.LTS\lib\</path>
         <kind>archive</kind>
         <file>rtsv7M4_T_le_v4SPD16_eabi.lib</file>
         <name>exit.c.obj</name>
      </input_file>
      <input_file id="fl-100">
         <path>C:\ti\ccs1220\ccs\tools\compiler\ti-cgt-arm_20.2.7.LTS\lib\</path>
         <kind>archive</kind>
         <file>rtsv7M4_T_le_v4SPD16_eabi.lib</file>
         <name>_lock.c.obj</name>
      </input_file>
      <input_file id="fl-101">
         <path>C:\ti\ccs1220\ccs\tools\compiler\ti-cgt-arm_20.2.7.LTS\lib\</path>
         <kind>archive</kind>
         <file>rtsv7M4_T_le_v4SPD16_eabi.lib</file>
         <name>_ltoa.c.obj</name>
      </input_file>
      <input_file id="fl-102">
         <path>C:\ti\ccs1220\ccs\tools\compiler\ti-cgt-arm_20.2.7.LTS\lib\</path>
         <kind>archive</kind>
         <file>rtsv7M4_T_le_v4SPD16_eabi.lib</file>
         <name>atoi.c.obj</name>
      </input_file>
      <input_file id="fl-103">
         <path>C:\ti\ccs1220\ccs\tools\compiler\ti-cgt-arm_20.2.7.LTS\lib\</path>
         <kind>archive</kind>
         <file>rtsv7M4_T_le_v4SPD16_eabi.lib</file>
         <name>ctype.c.obj</name>
      </input_file>
      <input_file id="fl-104">
         <path>C:\ti\ccs1220\ccs\tools\compiler\ti-cgt-arm_20.2.7.LTS\lib\</path>
         <kind>archive</kind>
         <file>rtsv7M4_T_le_v4SPD16_eabi.lib</file>
         <name>defs.c.obj</name>
      </input_file>
      <input_file id="fl-105">
         <path>C:\ti\ccs1220\ccs\tools\compiler\ti-cgt-arm_20.2.7.LTS\lib\</path>
         <kind>archive</kind>
         <file>rtsv7M4_T_le_v4SPD16_eabi.lib</file>
         <name>memccpy.c.obj</name>
      </input_file>
      <input_file id="fl-106">
         <path>C:\ti\ccs1220\ccs\tools\compiler\ti-cgt-arm_20.2.7.LTS\lib\</path>
         <kind>archive</kind>
         <file>rtsv7M4_T_le_v4SPD16_eabi.lib</file>
         <name>memchr.c.obj</name>
      </input_file>
      <input_file id="fl-107">
         <path>C:\ti\ccs1220\ccs\tools\compiler\ti-cgt-arm_20.2.7.LTS\lib\</path>
         <kind>archive</kind>
         <file>rtsv7M4_T_le_v4SPD16_eabi.lib</file>
         <name>memory.c.obj</name>
      </input_file>
      <input_file id="fl-108">
         <path>C:\ti\ccs1220\ccs\tools\compiler\ti-cgt-arm_20.2.7.LTS\lib\</path>
         <kind>archive</kind>
         <file>rtsv7M4_T_le_v4SPD16_eabi.lib</file>
         <name>strchr.c.obj</name>
      </input_file>
      <input_file id="fl-109">
         <path>C:\ti\ccs1220\ccs\tools\compiler\ti-cgt-arm_20.2.7.LTS\lib\</path>
         <kind>archive</kind>
         <file>rtsv7M4_T_le_v4SPD16_eabi.lib</file>
         <name>strlen.c.obj</name>
      </input_file>
      <input_file id="fl-10a">
         <path>C:\ti\ccs1220\ccs\tools\compiler\ti-cgt-arm_20.2.7.LTS\lib\</path>
         <kind>archive</kind>
         <file>rtsv7M4_T_le_v4SPD16_eabi.lib</file>
         <name>boot_cortex_m.c.obj</name>
      </input_file>
      <input_file id="fl-10b">
         <path>C:\ti\ccs1220\ccs\tools\compiler\ti-cgt-arm_20.2.7.LTS\lib\</path>
         <kind>archive</kind>
         <file>rtsv7M4_T_le_v4SPD16_eabi.lib</file>
         <name>write.c.obj</name>
      </input_file>
      <input_file id="fl-10c">
         <path>C:\ti\ccs1220\ccs\tools\compiler\ti-cgt-arm_20.2.7.LTS\lib\</path>
         <kind>archive</kind>
         <file>rtsv7M4_T_le_v4SPD16_eabi.lib</file>
         <name>host_device.c.obj</name>
      </input_file>
      <input_file id="fl-10d">
         <path>C:\ti\ccs1220\ccs\tools\compiler\ti-cgt-arm_20.2.7.LTS\lib\</path>
         <kind>archive</kind>
         <file>rtsv7M4_T_le_v4SPD16_eabi.lib</file>
         <name>errno.c.obj</name>
      </input_file>
      <input_file id="fl-10e">
         <path>C:\ti\ccs1220\ccs\tools\compiler\ti-cgt-arm_20.2.7.LTS\lib\</path>
         <kind>archive</kind>
         <file>rtsv7M4_T_le_v4SPD16_eabi.lib</file>
         <name>wcslen.c.obj</name>
      </input_file>
      <input_file id="fl-10f">
         <path>C:\ti\ccs1220\ccs\tools\compiler\ti-cgt-arm_20.2.7.LTS\lib\</path>
         <kind>archive</kind>
         <file>rtsv7M4_T_le_v4SPD16_eabi.lib</file>
         <name>s_frexp.c.obj</name>
      </input_file>
      <input_file id="fl-110">
         <path>C:\ti\ccs1220\ccs\tools\compiler\ti-cgt-arm_20.2.7.LTS\lib\</path>
         <kind>archive</kind>
         <file>rtsv7M4_T_le_v4SPD16_eabi.lib</file>
         <name>s_scalbn.c.obj</name>
      </input_file>
      <input_file id="fl-111">
         <path>C:\ti\ccs1220\ccs\tools\compiler\ti-cgt-arm_20.2.7.LTS\lib\</path>
         <kind>archive</kind>
         <file>rtsv7M4_T_le_v4SPD16_eabi.lib</file>
         <name>fflush.c.obj</name>
      </input_file>
      <input_file id="fl-112">
         <path>C:\ti\ccs1220\ccs\tools\compiler\ti-cgt-arm_20.2.7.LTS\lib\</path>
         <kind>archive</kind>
         <file>rtsv7M4_T_le_v4SPD16_eabi.lib</file>
         <name>fopen.c.obj</name>
      </input_file>
      <input_file id="fl-113">
         <path>C:\ti\ccs1220\ccs\tools\compiler\ti-cgt-arm_20.2.7.LTS\lib\</path>
         <kind>archive</kind>
         <file>rtsv7M4_T_le_v4SPD16_eabi.lib</file>
         <name>fseek.c.obj</name>
      </input_file>
      <input_file id="fl-114">
         <path>C:\ti\ccs1220\ccs\tools\compiler\ti-cgt-arm_20.2.7.LTS\lib\</path>
         <kind>archive</kind>
         <file>rtsv7M4_T_le_v4SPD16_eabi.lib</file>
         <name>div0.asm.obj</name>
      </input_file>
      <input_file id="fl-115">
         <path>C:\ti\ccs1220\ccs\tools\compiler\ti-cgt-arm_20.2.7.LTS\lib\</path>
         <kind>archive</kind>
         <file>rtsv7M4_T_le_v4SPD16_eabi.lib</file>
         <name>autoinit.c.obj</name>
      </input_file>
      <input_file id="fl-116">
         <path>C:\ti\ccs1220\ccs\tools\compiler\ti-cgt-arm_20.2.7.LTS\lib\</path>
         <kind>archive</kind>
         <file>rtsv7M4_T_le_v4SPD16_eabi.lib</file>
         <name>pre_init.c.obj</name>
      </input_file>
      <input_file id="fl-117">
         <path>C:\ti\ccs1220\ccs\tools\compiler\ti-cgt-arm_20.2.7.LTS\lib\</path>
         <kind>archive</kind>
         <file>rtsv7M4_T_le_v4SPD16_eabi.lib</file>
         <name>cpy_tbl.c.obj</name>
      </input_file>
      <input_file id="fl-118">
         <path>C:\ti\ccs1220\ccs\tools\compiler\ti-cgt-arm_20.2.7.LTS\lib\</path>
         <kind>archive</kind>
         <file>rtsv7M4_T_le_v4SPD16_eabi.lib</file>
         <name>args_main.c.obj</name>
      </input_file>
      <input_file id="fl-119">
         <path>C:\ti\ccs1220\ccs\tools\compiler\ti-cgt-arm_20.2.7.LTS\lib\</path>
         <kind>archive</kind>
         <file>rtsv7M4_T_le_v4SPD16_eabi.lib</file>
         <name>hostclose.c.obj</name>
      </input_file>
      <input_file id="fl-11a">
         <path>C:\ti\ccs1220\ccs\tools\compiler\ti-cgt-arm_20.2.7.LTS\lib\</path>
         <kind>archive</kind>
         <file>rtsv7M4_T_le_v4SPD16_eabi.lib</file>
         <name>hostlseek.c.obj</name>
      </input_file>
      <input_file id="fl-11b">
         <path>C:\ti\ccs1220\ccs\tools\compiler\ti-cgt-arm_20.2.7.LTS\lib\</path>
         <kind>archive</kind>
         <file>rtsv7M4_T_le_v4SPD16_eabi.lib</file>
         <name>hostopen.c.obj</name>
      </input_file>
      <input_file id="fl-11c">
         <path>C:\ti\ccs1220\ccs\tools\compiler\ti-cgt-arm_20.2.7.LTS\lib\</path>
         <kind>archive</kind>
         <file>rtsv7M4_T_le_v4SPD16_eabi.lib</file>
         <name>hostread.c.obj</name>
      </input_file>
      <input_file id="fl-11d">
         <path>C:\ti\ccs1220\ccs\tools\compiler\ti-cgt-arm_20.2.7.LTS\lib\</path>
         <kind>archive</kind>
         <file>rtsv7M4_T_le_v4SPD16_eabi.lib</file>
         <name>hostrename.c.obj</name>
      </input_file>
      <input_file id="fl-11e">
         <path>C:\ti\ccs1220\ccs\tools\compiler\ti-cgt-arm_20.2.7.LTS\lib\</path>
         <kind>archive</kind>
         <file>rtsv7M4_T_le_v4SPD16_eabi.lib</file>
         <name>hostunlink.c.obj</name>
      </input_file>
      <input_file id="fl-11f">
         <path>C:\ti\ccs1220\ccs\tools\compiler\ti-cgt-arm_20.2.7.LTS\lib\</path>
         <kind>archive</kind>
         <file>rtsv7M4_T_le_v4SPD16_eabi.lib</file>
         <name>hostwrite.c.obj</name>
      </input_file>
      <input_file id="fl-120">
         <path>C:\ti\ccs1220\ccs\tools\compiler\ti-cgt-arm_20.2.7.LTS\lib\</path>
         <kind>archive</kind>
         <file>rtsv7M4_T_le_v4SPD16_eabi.lib</file>
         <name>trgmsg.c.obj</name>
      </input_file>
      <input_file id="fl-121">
         <path>C:\ti\ccs1220\ccs\tools\compiler\ti-cgt-arm_20.2.7.LTS\lib\</path>
         <kind>archive</kind>
         <file>rtsv7M4_T_le_v4SPD16_eabi.lib</file>
         <name>open.c.obj</name>
      </input_file>
      <input_file id="fl-122">
         <path>C:\ti\ccs1220\ccs\tools\compiler\ti-cgt-arm_20.2.7.LTS\lib\</path>
         <kind>archive</kind>
         <file>rtsv7M4_T_le_v4SPD16_eabi.lib</file>
         <name>lseek.c.obj</name>
      </input_file>
      <input_file id="fl-123">
         <path>C:\ti\ccs1220\ccs\tools\compiler\ti-cgt-arm_20.2.7.LTS\lib\</path>
         <kind>archive</kind>
         <file>rtsv7M4_T_le_v4SPD16_eabi.lib</file>
         <name>s_copysign.c.obj</name>
      </input_file>
      <input_file id="fl-124">
         <path>C:\ti\ccs1220\ccs\tools\compiler\ti-cgt-arm_20.2.7.LTS\lib\</path>
         <kind>archive</kind>
         <file>rtsv7M4_T_le_v4SPD16_eabi.lib</file>
         <name>fclose.c.obj</name>
      </input_file>
      <input_file id="fl-125">
         <path>C:\ti\ccs1220\ccs\tools\compiler\ti-cgt-arm_20.2.7.LTS\lib\</path>
         <kind>archive</kind>
         <file>rtsv7M4_T_le_v4SPD16_eabi.lib</file>
         <name>getdevice.c.obj</name>
      </input_file>
      <input_file id="fl-126">
         <path>C:\ti\ccs1220\ccs\tools\compiler\ti-cgt-arm_20.2.7.LTS\lib\</path>
         <kind>archive</kind>
         <file>rtsv7M4_T_le_v4SPD16_eabi.lib</file>
         <name>strcmp.c.obj</name>
      </input_file>
      <input_file id="fl-127">
         <path>C:\ti\ccs1220\ccs\tools\compiler\ti-cgt-arm_20.2.7.LTS\lib\</path>
         <kind>archive</kind>
         <file>rtsv7M4_T_le_v4SPD16_eabi.lib</file>
         <name>strcpy.c.obj</name>
      </input_file>
      <input_file id="fl-128">
         <path>C:\ti\ccs1220\ccs\tools\compiler\ti-cgt-arm_20.2.7.LTS\lib\</path>
         <kind>archive</kind>
         <file>rtsv7M4_T_le_v4SPD16_eabi.lib</file>
         <name>strncpy.c.obj</name>
      </input_file>
      <input_file id="fl-129">
         <path>C:\ti\ccs1220\ccs\tools\compiler\ti-cgt-arm_20.2.7.LTS\lib\</path>
         <kind>archive</kind>
         <file>rtsv7M4_T_le_v4SPD16_eabi.lib</file>
         <name>remove.c.obj</name>
      </input_file>
      <input_file id="fl-12a">
         <path>C:\ti\ccs1220\ccs\tools\compiler\ti-cgt-arm_20.2.7.LTS\lib\</path>
         <kind>archive</kind>
         <file>rtsv7M4_T_le_v4SPD16_eabi.lib</file>
         <name>close.c.obj</name>
      </input_file>
      <input_file id="fl-12b">
         <path>C:\ti\ccs1220\ccs\tools\compiler\ti-cgt-arm_20.2.7.LTS\lib\</path>
         <kind>archive</kind>
         <file>rtsv7M4_T_le_v4SPD16_eabi.lib</file>
         <name>unlink.c.obj</name>
      </input_file>
   </input_file_list>
   <object_component_list>
      <object_component id="oc-27">
         <name>.intvecs:retain</name>
         <load_address>0x0</load_address>
         <run_address>0x0</run_address>
         <size>0xe4</size>
         <input_file_ref idref="fl-3"/>
      </object_component>
      <object_component id="oc-326">
         <name>.text</name>
         <load_address>0x1a67c</load_address>
         <run_address>0x1a67c</run_address>
         <size>0x1b3c</size>
         <input_file_ref idref="fl-25"/>
      </object_component>
      <object_component id="oc-1c5">
         <name>.text</name>
         <load_address>0x1c1b8</load_address>
         <run_address>0x1c1b8</run_address>
         <size>0x1a5c</size>
         <input_file_ref idref="fl-7"/>
      </object_component>
      <object_component id="oc-441">
         <name>.text</name>
         <load_address>0x1dc14</load_address>
         <run_address>0x1dc14</run_address>
         <size>0x1598</size>
         <input_file_ref idref="fl-f"/>
      </object_component>
      <object_component id="oc-d8">
         <name>.text</name>
         <load_address>0x1f1ac</load_address>
         <run_address>0x1f1ac</run_address>
         <size>0xd7c</size>
         <input_file_ref idref="fl-d"/>
      </object_component>
      <object_component id="oc-1b9">
         <name>.text</name>
         <load_address>0x1ff28</load_address>
         <run_address>0x1ff28</run_address>
         <size>0xcfc</size>
         <input_file_ref idref="fl-6"/>
      </object_component>
      <object_component id="oc-314">
         <name>.text</name>
         <load_address>0x20c24</load_address>
         <run_address>0x20c24</run_address>
         <size>0xa80</size>
         <input_file_ref idref="fl-26"/>
      </object_component>
      <object_component id="oc-2e4">
         <name>.text:__TI_printfi</name>
         <load_address>0x216a4</load_address>
         <run_address>0x216a4</run_address>
         <size>0xa4e</size>
         <input_file_ref idref="fl-eb"/>
      </object_component>
      <object_component id="oc-41a">
         <name>.text:_nop</name>
         <load_address>0x220f2</load_address>
         <run_address>0x220f2</run_address>
         <size>0x2</size>
         <input_file_ref idref="fl-100"/>
      </object_component>
      <object_component id="oc-10f">
         <name>.text</name>
         <load_address>0x220f4</load_address>
         <run_address>0x220f4</run_address>
         <size>0x8a4</size>
         <input_file_ref idref="fl-1b"/>
      </object_component>
      <object_component id="oc-115">
         <name>.text</name>
         <load_address>0x22998</load_address>
         <run_address>0x22998</run_address>
         <size>0x838</size>
         <input_file_ref idref="fl-15"/>
      </object_component>
      <object_component id="oc-16b">
         <name>.text</name>
         <load_address>0x231d0</load_address>
         <run_address>0x231d0</run_address>
         <size>0x7a8</size>
         <input_file_ref idref="fl-12"/>
      </object_component>
      <object_component id="oc-cc">
         <name>.text</name>
         <load_address>0x23978</load_address>
         <run_address>0x23978</run_address>
         <size>0x798</size>
         <input_file_ref idref="fl-1f"/>
      </object_component>
      <object_component id="oc-290">
         <name>.text</name>
         <load_address>0x24110</load_address>
         <run_address>0x24110</run_address>
         <size>0x508</size>
         <input_file_ref idref="fl-1a"/>
      </object_component>
      <object_component id="oc-109">
         <name>.text</name>
         <load_address>0x24618</load_address>
         <run_address>0x24618</run_address>
         <size>0x480</size>
         <input_file_ref idref="fl-11"/>
      </object_component>
      <object_component id="oc-320">
         <name>.text</name>
         <load_address>0x24a98</load_address>
         <run_address>0x24a98</run_address>
         <size>0x43c</size>
         <input_file_ref idref="fl-22"/>
      </object_component>
      <object_component id="oc-77">
         <name>.text</name>
         <load_address>0x24ed4</load_address>
         <run_address>0x24ed4</run_address>
         <size>0x424</size>
         <input_file_ref idref="fl-2b"/>
      </object_component>
      <object_component id="oc-d2">
         <name>.text</name>
         <load_address>0x252f8</load_address>
         <run_address>0x252f8</run_address>
         <size>0x3f0</size>
         <input_file_ref idref="fl-13"/>
      </object_component>
      <object_component id="oc-332">
         <name>.text</name>
         <load_address>0x256e8</load_address>
         <run_address>0x256e8</run_address>
         <size>0x358</size>
         <input_file_ref idref="fl-5"/>
      </object_component>
      <object_component id="oc-c5">
         <name>.text</name>
         <load_address>0x25a40</load_address>
         <run_address>0x25a40</run_address>
         <size>0x334</size>
         <input_file_ref idref="fl-4"/>
      </object_component>
      <object_component id="oc-30e">
         <name>.text</name>
         <load_address>0x25d74</load_address>
         <run_address>0x25d74</run_address>
         <size>0x288</size>
         <input_file_ref idref="fl-27"/>
      </object_component>
      <object_component id="oc-3f6">
         <name>.text:_pconv_a</name>
         <load_address>0x25ffc</load_address>
         <run_address>0x25ffc</run_address>
         <size>0x270</size>
         <input_file_ref idref="fl-eb"/>
      </object_component>
      <object_component id="oc-236">
         <name>.text</name>
         <load_address>0x2626c</load_address>
         <run_address>0x2626c</run_address>
         <size>0x244</size>
         <input_file_ref idref="fl-1c"/>
      </object_component>
      <object_component id="oc-7d">
         <name>.text</name>
         <load_address>0x264b0</load_address>
         <run_address>0x264b0</run_address>
         <size>0x200</size>
         <input_file_ref idref="fl-29"/>
      </object_component>
      <object_component id="oc-83">
         <name>.text</name>
         <load_address>0x266b0</load_address>
         <run_address>0x266b0</run_address>
         <size>0x1d8</size>
         <input_file_ref idref="fl-28"/>
      </object_component>
      <object_component id="oc-3e4">
         <name>.text:_pconv_g</name>
         <load_address>0x26888</load_address>
         <run_address>0x26888</run_address>
         <size>0x1d0</size>
         <input_file_ref idref="fl-eb"/>
      </object_component>
      <object_component id="oc-4d8">
         <name>.text</name>
         <load_address>0x26a58</load_address>
         <run_address>0x26a58</run_address>
         <size>0x1b6</size>
         <input_file_ref idref="fl-f0"/>
      </object_component>
      <object_component id="oc-654">
         <name>.text</name>
         <load_address>0x26c0e</load_address>
         <run_address>0x26c0e</run_address>
         <size>0x2</size>
         <input_file_ref idref="fl-114"/>
      </object_component>
      <object_component id="oc-348">
         <name>.text</name>
         <load_address>0x26c10</load_address>
         <run_address>0x26c10</run_address>
         <size>0x1b0</size>
         <input_file_ref idref="fl-17"/>
      </object_component>
      <object_component id="oc-351">
         <name>.text</name>
         <load_address>0x26dc0</load_address>
         <run_address>0x26dc0</run_address>
         <size>0x168</size>
         <input_file_ref idref="fl-24"/>
      </object_component>
      <object_component id="oc-71">
         <name>.text</name>
         <load_address>0x26f28</load_address>
         <run_address>0x26f28</run_address>
         <size>0x14c</size>
         <input_file_ref idref="fl-2c"/>
      </object_component>
      <object_component id="oc-3f0">
         <name>.text:_pconv_e</name>
         <load_address>0x27074</load_address>
         <run_address>0x27074</run_address>
         <size>0x13c</size>
         <input_file_ref idref="fl-eb"/>
      </object_component>
      <object_component id="oc-e3">
         <name>.text</name>
         <load_address>0x271b0</load_address>
         <run_address>0x271b0</run_address>
         <size>0x136</size>
         <input_file_ref idref="fl-f2"/>
      </object_component>
      <object_component id="oc-31a">
         <name>.text</name>
         <load_address>0x272e8</load_address>
         <run_address>0x272e8</run_address>
         <size>0x12c</size>
         <input_file_ref idref="fl-2a"/>
      </object_component>
      <object_component id="oc-55d">
         <name>.text:fcvt</name>
         <load_address>0x27414</load_address>
         <run_address>0x27414</run_address>
         <size>0x124</size>
         <input_file_ref idref="fl-eb"/>
      </object_component>
      <object_component id="oc-1cb">
         <name>.text</name>
         <load_address>0x27538</load_address>
         <run_address>0x27538</run_address>
         <size>0x114</size>
         <input_file_ref idref="fl-23"/>
      </object_component>
      <object_component id="oc-428">
         <name>.text:fputs</name>
         <load_address>0x2764c</load_address>
         <run_address>0x2764c</run_address>
         <size>0x114</size>
         <input_file_ref idref="fl-ed"/>
      </object_component>
      <object_component id="oc-571">
         <name>.text:scalbn</name>
         <load_address>0x27760</load_address>
         <run_address>0x27760</run_address>
         <size>0x110</size>
         <input_file_ref idref="fl-110"/>
      </object_component>
      <object_component id="oc-4f5">
         <name>.text:aligned_alloc</name>
         <load_address>0x27870</load_address>
         <run_address>0x27870</run_address>
         <size>0x100</size>
         <input_file_ref idref="fl-107"/>
      </object_component>
      <object_component id="oc-e8">
         <name>.text</name>
         <load_address>0x27970</load_address>
         <run_address>0x27970</run_address>
         <size>0xfc</size>
         <input_file_ref idref="fl-f3"/>
      </object_component>
      <object_component id="oc-459">
         <name>.text:ceil</name>
         <load_address>0x27a6c</load_address>
         <run_address>0x27a6c</run_address>
         <size>0xf8</size>
         <input_file_ref idref="fl-e7"/>
      </object_component>
      <object_component id="oc-4e8">
         <name>.text:floor</name>
         <load_address>0x27b64</load_address>
         <run_address>0x27b64</run_address>
         <size>0xf8</size>
         <input_file_ref idref="fl-e8"/>
      </object_component>
      <object_component id="oc-1bf">
         <name>.text</name>
         <load_address>0x27c5c</load_address>
         <run_address>0x27c5c</run_address>
         <size>0xea</size>
         <input_file_ref idref="fl-2d"/>
      </object_component>
      <object_component id="oc-4fc">
         <name>.text:free</name>
         <load_address>0x27d48</load_address>
         <run_address>0x27d48</run_address>
         <size>0xe4</size>
         <input_file_ref idref="fl-107"/>
      </object_component>
      <object_component id="oc-689">
         <name>.text:setvbuf</name>
         <load_address>0x27e2c</load_address>
         <run_address>0x27e2c</run_address>
         <size>0xdc</size>
         <input_file_ref idref="fl-ef"/>
      </object_component>
      <object_component id="oc-1b3">
         <name>.text</name>
         <load_address>0x27f08</load_address>
         <run_address>0x27f08</run_address>
         <size>0xd8</size>
         <input_file_ref idref="fl-21"/>
      </object_component>
      <object_component id="oc-4dd">
         <name>.text:round</name>
         <load_address>0x27fe0</load_address>
         <run_address>0x27fe0</run_address>
         <size>0xc4</size>
         <input_file_ref idref="fl-e9"/>
      </object_component>
      <object_component id="oc-3d9">
         <name>.text:_ltostr</name>
         <load_address>0x280a4</load_address>
         <run_address>0x280a4</run_address>
         <size>0xb1</size>
         <input_file_ref idref="fl-eb"/>
      </object_component>
      <object_component id="oc-3b">
         <name>.text</name>
         <load_address>0x28156</load_address>
         <run_address>0x28156</run_address>
         <size>0x9c</size>
         <input_file_ref idref="fl-f8"/>
      </object_component>
      <object_component id="oc-543">
         <name>.text</name>
         <load_address>0x281f2</load_address>
         <run_address>0x281f2</run_address>
         <size>0x96</size>
         <input_file_ref idref="fl-fb"/>
      </object_component>
      <object_component id="oc-42f">
         <name>.text:fputc</name>
         <load_address>0x28288</load_address>
         <run_address>0x28288</run_address>
         <size>0x8c</size>
         <input_file_ref idref="fl-ec"/>
      </object_component>
      <object_component id="oc-3df">
         <name>.text:__aeabi_cdcmple</name>
         <load_address>0x28314</load_address>
         <run_address>0x28314</run_address>
         <size>0x86</size>
         <input_file_ref idref="fl-f1"/>
      </object_component>
      <object_component id="oc-4e3">
         <name>.text:__aeabi_cdrcmple</name>
         <load_address>0x2839a</load_address>
         <run_address>0x2839a</run_address>
         <size>0x86</size>
         <input_file_ref idref="fl-f1"/>
      </object_component>
      <object_component id="oc-a7">
         <name>.text</name>
         <load_address>0x28420</load_address>
         <run_address>0x28420</run_address>
         <size>0x7a</size>
         <input_file_ref idref="fl-fa"/>
      </object_component>
      <object_component id="oc-6f4">
         <name>.text:__TI_closefile</name>
         <load_address>0x2849c</load_address>
         <run_address>0x2849c</run_address>
         <size>0x74</size>
         <input_file_ref idref="fl-124"/>
      </object_component>
      <object_component id="oc-632">
         <name>.text:split</name>
         <load_address>0x28510</load_address>
         <run_address>0x28510</run_address>
         <size>0x70</size>
         <input_file_ref idref="fl-107"/>
      </object_component>
      <object_component id="oc-556">
         <name>.text:_mcpy</name>
         <load_address>0x28580</load_address>
         <run_address>0x28580</run_address>
         <size>0x6e</size>
         <input_file_ref idref="fl-eb"/>
      </object_component>
      <object_component id="oc-724">
         <name>.text:HOSTrename</name>
         <load_address>0x285f0</load_address>
         <run_address>0x285f0</run_address>
         <size>0x6c</size>
         <input_file_ref idref="fl-11d"/>
      </object_component>
      <object_component id="oc-718">
         <name>.text:HOSTlseek</name>
         <load_address>0x2865c</load_address>
         <run_address>0x2865c</run_address>
         <size>0x68</size>
         <input_file_ref idref="fl-11a"/>
      </object_component>
      <object_component id="oc-18">
         <name>.text:decompress:lzss:__TI_decompress_lzss</name>
         <load_address>0x286c4</load_address>
         <run_address>0x286c4</run_address>
         <size>0x68</size>
         <input_file_ref idref="fl-fe"/>
      </object_component>
      <object_component id="oc-171">
         <name>.text:printf</name>
         <load_address>0x2872c</load_address>
         <run_address>0x2872c</run_address>
         <size>0x68</size>
         <input_file_ref idref="fl-ea"/>
      </object_component>
      <object_component id="oc-56b">
         <name>.text:frexp</name>
         <load_address>0x28794</load_address>
         <run_address>0x28794</run_address>
         <size>0x64</size>
         <input_file_ref idref="fl-10f"/>
      </object_component>
      <object_component id="oc-683">
         <name>.text:fseek</name>
         <load_address>0x287f8</load_address>
         <run_address>0x287f8</run_address>
         <size>0x64</size>
         <input_file_ref idref="fl-113"/>
      </object_component>
      <object_component id="oc-5a2">
         <name>.text:__TI_wrt_ok</name>
         <load_address>0x2885c</load_address>
         <run_address>0x2885c</run_address>
         <size>0x62</size>
         <input_file_ref idref="fl-ee"/>
      </object_component>
      <object_component id="oc-700">
         <name>.text:HOSTopen</name>
         <load_address>0x288c0</load_address>
         <run_address>0x288c0</run_address>
         <size>0x60</size>
         <input_file_ref idref="fl-11b"/>
      </object_component>
      <object_component id="oc-730">
         <name>.text:close</name>
         <load_address>0x28920</load_address>
         <run_address>0x28920</run_address>
         <size>0x5c</size>
         <input_file_ref idref="fl-12a"/>
      </object_component>
      <object_component id="oc-70c">
         <name>.text:HOSTread</name>
         <load_address>0x2897c</load_address>
         <run_address>0x2897c</run_address>
         <size>0x58</size>
         <input_file_ref idref="fl-11c"/>
      </object_component>
      <object_component id="oc-712">
         <name>.text:HOSTwrite</name>
         <load_address>0x289d4</load_address>
         <run_address>0x289d4</run_address>
         <size>0x58</size>
         <input_file_ref idref="fl-11f"/>
      </object_component>
      <object_component id="oc-3ea">
         <name>.text:_pconv_f</name>
         <load_address>0x28a2c</load_address>
         <run_address>0x28a2c</run_address>
         <size>0x56</size>
         <input_file_ref idref="fl-eb"/>
      </object_component>
      <object_component id="oc-54a">
         <name>.text:__TI_ltoa</name>
         <load_address>0x28a82</load_address>
         <run_address>0x28a82</run_address>
         <size>0x54</size>
         <input_file_ref idref="fl-101"/>
      </object_component>
      <object_component id="oc-550">
         <name>.text:_ecpy</name>
         <load_address>0x28ad6</load_address>
         <run_address>0x28ad6</run_address>
         <size>0x52</size>
         <input_file_ref idref="fl-eb"/>
      </object_component>
      <object_component id="oc-5ae">
         <name>.text:__TI_doflush</name>
         <load_address>0x28b28</load_address>
         <run_address>0x28b28</run_address>
         <size>0x4c</size>
         <input_file_ref idref="fl-111"/>
      </object_component>
      <object_component id="oc-3d3">
         <name>.text:atoi</name>
         <load_address>0x28b74</load_address>
         <run_address>0x28b74</run_address>
         <size>0x4c</size>
         <input_file_ref idref="fl-102"/>
      </object_component>
      <object_component id="oc-1d8">
         <name>.text:exit</name>
         <load_address>0x28bc0</load_address>
         <run_address>0x28bc0</run_address>
         <size>0x48</size>
         <input_file_ref idref="fl-ff"/>
      </object_component>
      <object_component id="oc-4ce">
         <name>.text</name>
         <load_address>0x28c08</load_address>
         <run_address>0x28c08</run_address>
         <size>0x48</size>
         <input_file_ref idref="fl-f4"/>
      </object_component>
      <object_component id="oc-706">
         <name>.text:HOSTclose</name>
         <load_address>0x28c50</load_address>
         <run_address>0x28c50</run_address>
         <size>0x44</size>
         <input_file_ref idref="fl-119"/>
      </object_component>
      <object_component id="oc-71e">
         <name>.text:HOSTunlink</name>
         <load_address>0x28c94</load_address>
         <run_address>0x28c94</run_address>
         <size>0x44</size>
         <input_file_ref idref="fl-11e"/>
      </object_component>
      <object_component id="oc-1de">
         <name>.text:__TI_auto_init_nobinit_nopinit:__TI_auto_init_nobinit_nopinit</name>
         <load_address>0x28cd8</load_address>
         <run_address>0x28cd8</run_address>
         <size>0x44</size>
         <input_file_ref idref="fl-115"/>
      </object_component>
      <object_component id="oc-765">
         <name>.text:getdevice</name>
         <load_address>0x28d1c</load_address>
         <run_address>0x28d1c</run_address>
         <size>0x44</size>
         <input_file_ref idref="fl-125"/>
      </object_component>
      <object_component id="oc-ed">
         <name>.text</name>
         <load_address>0x28d60</load_address>
         <run_address>0x28d60</run_address>
         <size>0x44</size>
         <input_file_ref idref="fl-f5"/>
      </object_component>
      <object_component id="oc-563">
         <name>.text:_fcpy</name>
         <load_address>0x28da4</load_address>
         <run_address>0x28da4</run_address>
         <size>0x3e</size>
         <input_file_ref idref="fl-eb"/>
      </object_component>
      <object_component id="oc-216">
         <name>.text</name>
         <load_address>0x28de2</load_address>
         <run_address>0x28de2</run_address>
         <size>0x3e</size>
         <input_file_ref idref="fl-b"/>
      </object_component>
      <object_component id="oc-741">
         <name>.text:__TI_writemsg</name>
         <load_address>0x28e20</load_address>
         <run_address>0x28e20</run_address>
         <size>0x38</size>
         <input_file_ref idref="fl-120"/>
      </object_component>
      <object_component id="oc-de">
         <name>.text</name>
         <load_address>0x28e58</load_address>
         <run_address>0x28e58</run_address>
         <size>0x38</size>
         <input_file_ref idref="fl-f6"/>
      </object_component>
      <object_component id="oc-787">
         <name>.text:strncpy</name>
         <load_address>0x28e90</load_address>
         <run_address>0x28e90</run_address>
         <size>0x36</size>
         <input_file_ref idref="fl-128"/>
      </object_component>
      <object_component id="oc-6cb">
         <name>.text:__TI_cleanup</name>
         <load_address>0x28ec8</load_address>
         <run_address>0x28ec8</run_address>
         <size>0x34</size>
         <input_file_ref idref="fl-112"/>
      </object_component>
      <object_component id="oc-747">
         <name>.text:__TI_readmsg</name>
         <load_address>0x28efc</load_address>
         <run_address>0x28efc</run_address>
         <size>0x34</size>
         <input_file_ref idref="fl-120"/>
      </object_component>
      <object_component id="oc-59">
         <name>.text:_c_int00_noargs:_c_int00_noargs</name>
         <load_address>0x28f30</load_address>
         <run_address>0x28f30</run_address>
         <size>0x34</size>
         <input_file_ref idref="fl-10a"/>
      </object_component>
      <object_component id="oc-78d">
         <name>.text:finddevice</name>
         <load_address>0x28f64</load_address>
         <run_address>0x28f64</run_address>
         <size>0x30</size>
         <input_file_ref idref="fl-125"/>
      </object_component>
      <object_component id="oc-4d3">
         <name>.text</name>
         <load_address>0x28f94</load_address>
         <run_address>0x28f94</run_address>
         <size>0x2e</size>
         <input_file_ref idref="fl-f7"/>
      </object_component>
      <object_component id="oc-b3">
         <name>.text</name>
         <load_address>0x28fc2</load_address>
         <run_address>0x28fc2</run_address>
         <size>0x2c</size>
         <input_file_ref idref="fl-2"/>
      </object_component>
      <object_component id="oc-736">
         <name>.text:unlink</name>
         <load_address>0x28ff0</load_address>
         <run_address>0x28ff0</run_address>
         <size>0x2c</size>
         <input_file_ref idref="fl-12b"/>
      </object_component>
      <object_component id="oc-62c">
         <name>.text:free_list_insert</name>
         <load_address>0x2901c</load_address>
         <run_address>0x2901c</run_address>
         <size>0x28</size>
         <input_file_ref idref="fl-107"/>
      </object_component>
      <object_component id="oc-6c3">
         <name>.text:lseek</name>
         <load_address>0x29044</load_address>
         <run_address>0x29044</run_address>
         <size>0x28</size>
         <input_file_ref idref="fl-122"/>
      </object_component>
      <object_component id="oc-5b4">
         <name>.text:write</name>
         <load_address>0x2906c</load_address>
         <run_address>0x2906c</run_address>
         <size>0x28</size>
         <input_file_ref idref="fl-10b"/>
      </object_component>
      <object_component id="oc-5a8">
         <name>.text:memchr</name>
         <load_address>0x29094</load_address>
         <run_address>0x29094</run_address>
         <size>0x20</size>
         <input_file_ref idref="fl-106"/>
      </object_component>
      <object_component id="oc-369">
         <name>.text</name>
         <load_address>0x290b4</load_address>
         <run_address>0x290b4</run_address>
         <size>0x20</size>
         <input_file_ref idref="fl-f9"/>
      </object_component>
      <object_component id="oc-626">
         <name>.text:free_list_remove</name>
         <load_address>0x290d4</load_address>
         <run_address>0x290d4</run_address>
         <size>0x1c</size>
         <input_file_ref idref="fl-107"/>
      </object_component>
      <object_component id="oc-3fc">
         <name>.text:memccpy</name>
         <load_address>0x290f0</load_address>
         <run_address>0x290f0</run_address>
         <size>0x1c</size>
         <input_file_ref idref="fl-105"/>
      </object_component>
      <object_component id="oc-667">
         <name>.text:copysign</name>
         <load_address>0x2910c</load_address>
         <run_address>0x2910c</run_address>
         <size>0x1a</size>
         <input_file_ref idref="fl-123"/>
      </object_component>
      <object_component id="oc-7a4">
         <name>.text:strcmp</name>
         <load_address>0x29126</load_address>
         <run_address>0x29126</run_address>
         <size>0x18</size>
         <input_file_ref idref="fl-126"/>
      </object_component>
      <object_component id="oc-577">
         <name>.text:strchr</name>
         <load_address>0x2913e</load_address>
         <run_address>0x2913e</run_address>
         <size>0x16</size>
         <input_file_ref idref="fl-108"/>
      </object_component>
      <object_component id="oc-75b">
         <name>.text:strcpy</name>
         <load_address>0x29154</load_address>
         <run_address>0x29154</run_address>
         <size>0x14</size>
         <input_file_ref idref="fl-127"/>
      </object_component>
      <object_component id="oc-3cd">
         <name>.text:strlen</name>
         <load_address>0x29168</load_address>
         <run_address>0x29168</run_address>
         <size>0x14</size>
         <input_file_ref idref="fl-109"/>
      </object_component>
      <object_component id="oc-402">
         <name>.text:wcslen</name>
         <load_address>0x2917c</load_address>
         <run_address>0x2917c</run_address>
         <size>0x12</size>
         <input_file_ref idref="fl-10e"/>
      </object_component>
      <object_component id="oc-1e">
         <name>.text:decompress:none:__TI_decompress_none</name>
         <load_address>0x2918e</load_address>
         <run_address>0x2918e</run_address>
         <size>0xe</size>
         <input_file_ref idref="fl-fd"/>
      </object_component>
      <object_component id="oc-6b">
         <name>.text</name>
         <load_address>0x2919c</load_address>
         <run_address>0x2919c</run_address>
         <size>0xe</size>
         <input_file_ref idref="fl-3"/>
      </object_component>
      <object_component id="oc-4d">
         <name>.text:decompress:ZI:__TI_zero_init</name>
         <load_address>0x291aa</load_address>
         <run_address>0x291aa</run_address>
         <size>0xc</size>
         <input_file_ref idref="fl-fc"/>
      </object_component>
      <object_component id="oc-408">
         <name>.text:__aeabi_errno_addr</name>
         <load_address>0x291b8</load_address>
         <run_address>0x291b8</run_address>
         <size>0x8</size>
         <input_file_ref idref="fl-10d"/>
      </object_component>
      <object_component id="oc-32c">
         <name>.text:malloc</name>
         <load_address>0x291c0</load_address>
         <run_address>0x291c0</run_address>
         <size>0x8</size>
         <input_file_ref idref="fl-107"/>
      </object_component>
      <object_component id="oc-2f6">
         <name>.text:_outc</name>
         <load_address>0x291c8</load_address>
         <run_address>0x291c8</run_address>
         <size>0x4</size>
         <input_file_ref idref="fl-ea"/>
      </object_component>
      <object_component id="oc-2f0">
         <name>.text:_outs</name>
         <load_address>0x291cc</load_address>
         <run_address>0x291cc</run_address>
         <size>0x4</size>
         <input_file_ref idref="fl-ea"/>
      </object_component>
      <object_component id="oc-ad">
         <name>.text:_system_pre_init</name>
         <load_address>0x291d0</load_address>
         <run_address>0x291d0</run_address>
         <size>0x4</size>
         <input_file_ref idref="fl-116"/>
      </object_component>
      <object_component id="oc-1d2">
         <name>.text:abort:abort</name>
         <load_address>0x291d4</load_address>
         <run_address>0x291d4</run_address>
         <size>0x4</size>
         <input_file_ref idref="fl-ff"/>
      </object_component>
      <object_component id="oc-53e">
         <name>.const:.string:_ctypes_</name>
         <load_address>0xe4</load_address>
         <run_address>0xe4</run_address>
         <size>0x101</size>
         <input_file_ref idref="fl-103"/>
      </object_component>
      <object_component id="oc-345">
         <name>.const:.string:$P$T2$3</name>
         <load_address>0x1e5</load_address>
         <run_address>0x1e5</run_address>
         <size>0x2</size>
         <input_file_ref idref="fl-6"/>
      </object_component>
      <object_component id="oc-4cb">
         <name>.const:FskBandwidths</name>
         <load_address>0x1e8</load_address>
         <run_address>0x1e8</run_address>
         <size>0xb0</size>
         <input_file_ref idref="fl-25"/>
      </object_component>
      <object_component id="oc-339">
         <name>.const:At86rf215Radio</name>
         <load_address>0x298</load_address>
         <run_address>0x298</run_address>
         <size>0x54</size>
         <input_file_ref idref="fl-26"/>
      </object_component>
      <object_component id="oc-35c">
         <name>.const:sx1276Radio</name>
         <load_address>0x2ec</load_address>
         <run_address>0x2ec</run_address>
         <size>0x54</size>
         <input_file_ref idref="fl-26"/>
      </object_component>
      <object_component id="oc-222">
         <name>.const:g_pulRegs</name>
         <load_address>0x340</load_address>
         <run_address>0x340</run_address>
         <size>0x50</size>
         <input_file_ref idref="fl-13"/>
      </object_component>
      <object_component id="oc-4c8">
         <name>.const:RadioRegsInit</name>
         <load_address>0x390</load_address>
         <run_address>0x390</run_address>
         <size>0x30</size>
         <input_file_ref idref="fl-25"/>
      </object_component>
      <object_component id="oc-21f">
         <name>.const:g_pulPriority</name>
         <load_address>0x3c0</load_address>
         <run_address>0x3c0</run_address>
         <size>0x20</size>
         <input_file_ref idref="fl-13"/>
      </object_component>
      <object_component id="oc-124">
         <name>.const:$P$T0$1</name>
         <load_address>0x3e0</load_address>
         <run_address>0x3e0</run_address>
         <size>0x1c</size>
         <input_file_ref idref="fl-2b"/>
      </object_component>
      <object_component id="oc-130">
         <name>.const:$P$T1$2</name>
         <load_address>0x3fc</load_address>
         <run_address>0x3fc</run_address>
         <size>0x1c</size>
         <input_file_ref idref="fl-2b"/>
      </object_component>
      <object_component id="oc-13c">
         <name>.const:$P$T2$3</name>
         <load_address>0x418</load_address>
         <run_address>0x418</run_address>
         <size>0x1c</size>
         <input_file_ref idref="fl-2b"/>
      </object_component>
      <object_component id="oc-148">
         <name>.const:$P$T3$4</name>
         <load_address>0x434</load_address>
         <run_address>0x434</run_address>
         <size>0x1c</size>
         <input_file_ref idref="fl-2b"/>
      </object_component>
      <object_component id="oc-289">
         <name>.const:GPIO_PORT_TO_INT</name>
         <load_address>0x450</load_address>
         <run_address>0x450</run_address>
         <size>0x1c</size>
         <input_file_ref idref="fl-11"/>
      </object_component>
      <object_component id="oc-17d">
         <name>.const:i2cConfig</name>
         <load_address>0x46c</load_address>
         <run_address>0x46c</run_address>
         <size>0x14</size>
         <input_file_ref idref="fl-29"/>
      </object_component>
      <object_component id="oc-34e">
         <name>.const:.string:$P$T3$4</name>
         <load_address>0x480</load_address>
         <run_address>0x480</run_address>
         <size>0x13</size>
         <input_file_ref idref="fl-6"/>
      </object_component>
      <object_component id="oc-4b6">
         <name>.const:PIN_MSP_P1_0</name>
         <load_address>0x494</load_address>
         <run_address>0x494</run_address>
         <size>0x10</size>
         <input_file_ref idref="fl-26"/>
      </object_component>
      <object_component id="oc-127">
         <name>.const:PIN_MSP_P1_1</name>
         <load_address>0x4a4</load_address>
         <run_address>0x4a4</run_address>
         <size>0x10</size>
         <input_file_ref idref="fl-2b"/>
      </object_component>
      <object_component id="oc-12a">
         <name>.const:PIN_MSP_P1_2</name>
         <load_address>0x4b4</load_address>
         <run_address>0x4b4</run_address>
         <size>0x10</size>
         <input_file_ref idref="fl-2b"/>
      </object_component>
      <object_component id="oc-12d">
         <name>.const:PIN_MSP_P1_3</name>
         <load_address>0x4c4</load_address>
         <run_address>0x4c4</run_address>
         <size>0x10</size>
         <input_file_ref idref="fl-2b"/>
      </object_component>
      <object_component id="oc-495">
         <name>.const:PIN_MSP_P1_4</name>
         <load_address>0x4d4</load_address>
         <run_address>0x4d4</run_address>
         <size>0x10</size>
         <input_file_ref idref="fl-26"/>
      </object_component>
      <object_component id="oc-4aa">
         <name>.const:PIN_MSP_P1_5</name>
         <load_address>0x4e4</load_address>
         <run_address>0x4e4</run_address>
         <size>0x10</size>
         <input_file_ref idref="fl-26"/>
      </object_component>
      <object_component id="oc-4b3">
         <name>.const:PIN_MSP_P1_6</name>
         <load_address>0x4f4</load_address>
         <run_address>0x4f4</run_address>
         <size>0x10</size>
         <input_file_ref idref="fl-26"/>
      </object_component>
      <object_component id="oc-4a1">
         <name>.const:PIN_MSP_P1_7</name>
         <load_address>0x504</load_address>
         <run_address>0x504</run_address>
         <size>0x10</size>
         <input_file_ref idref="fl-26"/>
      </object_component>
      <object_component id="oc-4b9">
         <name>.const:PIN_MSP_P2_0</name>
         <load_address>0x514</load_address>
         <run_address>0x514</run_address>
         <size>0x10</size>
         <input_file_ref idref="fl-26"/>
      </object_component>
      <object_component id="oc-13f">
         <name>.const:PIN_MSP_P2_1</name>
         <load_address>0x524</load_address>
         <run_address>0x524</run_address>
         <size>0x10</size>
         <input_file_ref idref="fl-2b"/>
      </object_component>
      <object_component id="oc-142">
         <name>.const:PIN_MSP_P2_2</name>
         <load_address>0x534</load_address>
         <run_address>0x534</run_address>
         <size>0x10</size>
         <input_file_ref idref="fl-2b"/>
      </object_component>
      <object_component id="oc-145">
         <name>.const:PIN_MSP_P2_3</name>
         <load_address>0x544</load_address>
         <run_address>0x544</run_address>
         <size>0x10</size>
         <input_file_ref idref="fl-2b"/>
      </object_component>
      <object_component id="oc-462">
         <name>.const:PIN_MSP_P3_0</name>
         <load_address>0x554</load_address>
         <run_address>0x554</run_address>
         <size>0x10</size>
         <input_file_ref idref="fl-26"/>
      </object_component>
      <object_component id="oc-11b">
         <name>.const:PIN_MSP_P3_1</name>
         <load_address>0x564</load_address>
         <run_address>0x564</run_address>
         <size>0x10</size>
         <input_file_ref idref="fl-2b"/>
      </object_component>
      <object_component id="oc-46b">
         <name>.const:PIN_MSP_P3_1</name>
         <load_address>0x574</load_address>
         <run_address>0x574</run_address>
         <size>0x10</size>
         <input_file_ref idref="fl-26"/>
      </object_component>
      <object_component id="oc-11e">
         <name>.const:PIN_MSP_P3_2</name>
         <load_address>0x584</load_address>
         <run_address>0x584</run_address>
         <size>0x10</size>
         <input_file_ref idref="fl-2b"/>
      </object_component>
      <object_component id="oc-465">
         <name>.const:PIN_MSP_P3_2</name>
         <load_address>0x594</load_address>
         <run_address>0x594</run_address>
         <size>0x10</size>
         <input_file_ref idref="fl-26"/>
      </object_component>
      <object_component id="oc-121">
         <name>.const:PIN_MSP_P3_3</name>
         <load_address>0x5a4</load_address>
         <run_address>0x5a4</run_address>
         <size>0x10</size>
         <input_file_ref idref="fl-2b"/>
      </object_component>
      <object_component id="oc-468">
         <name>.const:PIN_MSP_P3_3</name>
         <load_address>0x5b4</load_address>
         <run_address>0x5b4</run_address>
         <size>0x10</size>
         <input_file_ref idref="fl-26"/>
      </object_component>
      <object_component id="oc-474">
         <name>.const:PIN_MSP_P3_4</name>
         <load_address>0x5c4</load_address>
         <run_address>0x5c4</run_address>
         <size>0x10</size>
         <input_file_ref idref="fl-26"/>
      </object_component>
      <object_component id="oc-133">
         <name>.const:PIN_MSP_P3_5</name>
         <load_address>0x5d4</load_address>
         <run_address>0x5d4</run_address>
         <size>0x10</size>
         <input_file_ref idref="fl-2b"/>
      </object_component>
      <object_component id="oc-47d">
         <name>.const:PIN_MSP_P3_5</name>
         <load_address>0x5e4</load_address>
         <run_address>0x5e4</run_address>
         <size>0x10</size>
         <input_file_ref idref="fl-26"/>
      </object_component>
      <object_component id="oc-139">
         <name>.const:PIN_MSP_P3_6</name>
         <load_address>0x5f4</load_address>
         <run_address>0x5f4</run_address>
         <size>0x10</size>
         <input_file_ref idref="fl-2b"/>
      </object_component>
      <object_component id="oc-47a">
         <name>.const:PIN_MSP_P3_6</name>
         <load_address>0x604</load_address>
         <run_address>0x604</run_address>
         <size>0x10</size>
         <input_file_ref idref="fl-26"/>
      </object_component>
      <object_component id="oc-136">
         <name>.const:PIN_MSP_P3_7</name>
         <load_address>0x614</load_address>
         <run_address>0x614</run_address>
         <size>0x10</size>
         <input_file_ref idref="fl-2b"/>
      </object_component>
      <object_component id="oc-477">
         <name>.const:PIN_MSP_P3_7</name>
         <load_address>0x624</load_address>
         <run_address>0x624</run_address>
         <size>0x10</size>
         <input_file_ref idref="fl-26"/>
      </object_component>
      <object_component id="oc-4a7">
         <name>.const:PIN_MSP_P4_2</name>
         <load_address>0x634</load_address>
         <run_address>0x634</run_address>
         <size>0x10</size>
         <input_file_ref idref="fl-26"/>
      </object_component>
      <object_component id="oc-489">
         <name>.const:PIN_MSP_P4_3</name>
         <load_address>0x644</load_address>
         <run_address>0x644</run_address>
         <size>0x10</size>
         <input_file_ref idref="fl-26"/>
      </object_component>
      <object_component id="oc-486">
         <name>.const:PIN_MSP_P4_4</name>
         <load_address>0x654</load_address>
         <run_address>0x654</run_address>
         <size>0x10</size>
         <input_file_ref idref="fl-26"/>
      </object_component>
      <object_component id="oc-48c">
         <name>.const:PIN_MSP_P4_5</name>
         <load_address>0x664</load_address>
         <run_address>0x664</run_address>
         <size>0x10</size>
         <input_file_ref idref="fl-26"/>
      </object_component>
      <object_component id="oc-48f">
         <name>.const:PIN_MSP_P4_6</name>
         <load_address>0x674</load_address>
         <run_address>0x674</run_address>
         <size>0x10</size>
         <input_file_ref idref="fl-26"/>
      </object_component>
      <object_component id="oc-49b">
         <name>.const:PIN_MSP_P5_2</name>
         <load_address>0x684</load_address>
         <run_address>0x684</run_address>
         <size>0x10</size>
         <input_file_ref idref="fl-26"/>
      </object_component>
      <object_component id="oc-49e">
         <name>.const:PIN_MSP_P5_3</name>
         <load_address>0x694</load_address>
         <run_address>0x694</run_address>
         <size>0x10</size>
         <input_file_ref idref="fl-26"/>
      </object_component>
      <object_component id="oc-4bc">
         <name>.const:PIN_MSP_P5_6</name>
         <load_address>0x6a4</load_address>
         <run_address>0x6a4</run_address>
         <size>0x10</size>
         <input_file_ref idref="fl-26"/>
      </object_component>
      <object_component id="oc-492">
         <name>.const:PIN_MSP_P5_7</name>
         <load_address>0x6b4</load_address>
         <run_address>0x6b4</run_address>
         <size>0x10</size>
         <input_file_ref idref="fl-26"/>
      </object_component>
      <object_component id="oc-177">
         <name>.const:PIN_MSP_P6_6</name>
         <load_address>0x6c4</load_address>
         <run_address>0x6c4</run_address>
         <size>0x10</size>
         <input_file_ref idref="fl-29"/>
      </object_component>
      <object_component id="oc-17a">
         <name>.const:PIN_MSP_P6_7</name>
         <load_address>0x6d4</load_address>
         <run_address>0x6d4</run_address>
         <size>0x10</size>
         <input_file_ref idref="fl-29"/>
      </object_component>
      <object_component id="oc-483">
         <name>.const:PIN_MSP_P6_7</name>
         <load_address>0x6e4</load_address>
         <run_address>0x6e4</run_address>
         <size>0x10</size>
         <input_file_ref idref="fl-26"/>
      </object_component>
      <object_component id="oc-498">
         <name>.const:PIN_MSP_P7_0</name>
         <load_address>0x6f4</load_address>
         <run_address>0x6f4</run_address>
         <size>0x10</size>
         <input_file_ref idref="fl-26"/>
      </object_component>
      <object_component id="oc-480">
         <name>.const:PIN_MSP_P7_1</name>
         <load_address>0x704</load_address>
         <run_address>0x704</run_address>
         <size>0x10</size>
         <input_file_ref idref="fl-26"/>
      </object_component>
      <object_component id="oc-46e">
         <name>.const:PIN_MSP_P7_2</name>
         <load_address>0x714</load_address>
         <run_address>0x714</run_address>
         <size>0x10</size>
         <input_file_ref idref="fl-26"/>
      </object_component>
      <object_component id="oc-471">
         <name>.const:PIN_MSP_P7_3</name>
         <load_address>0x724</load_address>
         <run_address>0x724</run_address>
         <size>0x10</size>
         <input_file_ref idref="fl-26"/>
      </object_component>
      <object_component id="oc-4b0">
         <name>.const:PIN_MSP_P8_0</name>
         <load_address>0x734</load_address>
         <run_address>0x734</run_address>
         <size>0x10</size>
         <input_file_ref idref="fl-26"/>
      </object_component>
      <object_component id="oc-4ad">
         <name>.const:PIN_MSP_P8_1</name>
         <load_address>0x744</load_address>
         <run_address>0x744</run_address>
         <size>0x10</size>
         <input_file_ref idref="fl-26"/>
      </object_component>
      <object_component id="oc-44d">
         <name>.const:PIN_MSP_PJ_0</name>
         <load_address>0x754</load_address>
         <run_address>0x754</run_address>
         <size>0x10</size>
         <input_file_ref idref="fl-27"/>
      </object_component>
      <object_component id="oc-450">
         <name>.const:PIN_MSP_PJ_1</name>
         <load_address>0x764</load_address>
         <run_address>0x764</run_address>
         <size>0x10</size>
         <input_file_ref idref="fl-27"/>
      </object_component>
      <object_component id="oc-44a">
         <name>.const:PIN_MSP_PJ_2</name>
         <load_address>0x774</load_address>
         <run_address>0x774</run_address>
         <size>0x10</size>
         <input_file_ref idref="fl-27"/>
      </object_component>
      <object_component id="oc-447">
         <name>.const:PIN_MSP_PJ_3</name>
         <load_address>0x784</load_address>
         <run_address>0x784</run_address>
         <size>0x10</size>
         <input_file_ref idref="fl-27"/>
      </object_component>
      <object_component id="oc-4a4">
         <name>.const:PIN_MSP_PJ_5</name>
         <load_address>0x794</load_address>
         <run_address>0x794</run_address>
         <size>0x10</size>
         <input_file_ref idref="fl-26"/>
      </object_component>
      <object_component id="oc-228">
         <name>.const:g_pulDisRegs</name>
         <load_address>0x7a4</load_address>
         <run_address>0x7a4</run_address>
         <size>0x8</size>
         <input_file_ref idref="fl-13"/>
      </object_component>
      <object_component id="oc-225">
         <name>.const:g_pulEnRegs</name>
         <load_address>0x7ac</load_address>
         <run_address>0x7ac</run_address>
         <size>0x8</size>
         <input_file_ref idref="fl-13"/>
      </object_component>
      <object_component id="oc-22b">
         <name>.const:g_pulPendRegs</name>
         <load_address>0x7b4</load_address>
         <run_address>0x7b4</run_address>
         <size>0x8</size>
         <input_file_ref idref="fl-13"/>
      </object_component>
      <object_component id="oc-22e">
         <name>.const:g_pulUnpendRegs</name>
         <load_address>0x7bc</load_address>
         <run_address>0x7bc</run_address>
         <size>0x8</size>
         <input_file_ref idref="fl-13"/>
      </object_component>
      <object_component id="oc-342">
         <name>.const:.string:$P$T1$2</name>
         <load_address>0x7c4</load_address>
         <run_address>0x7c4</run_address>
         <size>0x7</size>
         <input_file_ref idref="fl-6"/>
      </object_component>
      <object_component id="oc-7e6">
         <name>.cinit..data.load</name>
         <load_address>0x7d0</load_address>
         <run_address>0x7d0</run_address>
         <size>0x105</size>
      </object_component>
      <object_component id="oc-7e3">
         <name>__TI_handler_table</name>
         <load_address>0x8d8</load_address>
         <run_address>0x8d8</run_address>
         <size>0xc</size>
      </object_component>
      <object_component id="oc-7e7">
         <name>.cinit..bss.load</name>
         <load_address>0x8e8</load_address>
         <run_address>0x8e8</run_address>
         <size>0x8</size>
      </object_component>
      <object_component id="oc-7e5">
         <name>.cinit..vtable.load</name>
         <load_address>0x8f0</load_address>
         <run_address>0x8f0</run_address>
         <size>0x8</size>
      </object_component>
      <object_component id="oc-7e4">
         <name>__TI_cinit_table</name>
         <load_address>0x8f8</load_address>
         <run_address>0x8f8</run_address>
         <size>0x18</size>
      </object_component>
      <object_component id="oc-7b6">
         <name>.binit</name>
         <load_address>0x0</load_address>
         <run_address>0x0</run_address>
         <size>0x0</size>
      </object_component>
      <object_component id="oc-21c">
         <name>.vtable</name>
         <uninitialized>true</uninitialized>
         <run_address>0x20000000</run_address>
         <size>0xe4</size>
         <input_file_ref idref="fl-13"/>
      </object_component>
      <object_component id="oc-f8">
         <name>.data</name>
         <load_address>0x20000ff3</load_address>
         <run_address>0x20000ff3</run_address>
         <size>0x1</size>
         <input_file_ref idref="fl-2"/>
      </object_component>
      <object_component id="oc-210">
         <name>.data</name>
         <load_address>0x20000ff8</load_address>
         <run_address>0x20000ff8</run_address>
         <size>0x4</size>
         <input_file_ref idref="fl-4"/>
      </object_component>
      <object_component id="oc-503">
         <name>.data:adver_addr</name>
         <load_address>0x20000fec</load_address>
         <run_address>0x20000fec</run_address>
         <size>0x6</size>
         <input_file_ref idref="fl-5"/>
      </object_component>
      <object_component id="oc-33c">
         <name>.data:at86rf215</name>
         <load_address>0x20000f58</load_address>
         <run_address>0x20000f58</run_address>
         <size>0x1c</size>
         <input_file_ref idref="fl-6"/>
      </object_component>
      <object_component id="oc-35f">
         <name>.data:sx1276</name>
         <load_address>0x20000f74</load_address>
         <run_address>0x20000f74</run_address>
         <size>0x1c</size>
         <input_file_ref idref="fl-6"/>
      </object_component>
      <object_component id="oc-5be">
         <name>.data:__getBurstProgramRegs</name>
         <load_address>0x20000ee8</load_address>
         <run_address>0x20000ee8</run_address>
         <size>0x40</size>
         <input_file_ref idref="fl-f"/>
      </object_component>
      <object_component id="oc-286">
         <name>.data:GPIO_PORT_TO_BASE</name>
         <load_address>0x20000f28</load_address>
         <run_address>0x20000f28</run_address>
         <size>0x30</size>
         <input_file_ref idref="fl-11"/>
      </object_component>
      <object_component id="oc-4f1">
         <name>.data</name>
         <load_address>0x20000ffc</load_address>
         <run_address>0x20000ffc</run_address>
         <size>0x1</size>
         <input_file_ref idref="fl-25"/>
      </object_component>
      <object_component id="oc-45f">
         <name>.data:DioIrq2</name>
         <load_address>0x20000f90</load_address>
         <run_address>0x20000f90</run_address>
         <size>0x18</size>
         <input_file_ref idref="fl-26"/>
      </object_component>
      <object_component id="oc-187">
         <name>.data</name>
         <load_address>0x20000ff2</load_address>
         <run_address>0x20000ff2</run_address>
         <size>0x1</size>
         <input_file_ref idref="fl-28"/>
      </object_component>
      <object_component id="oc-f2">
         <name>.data:timer_A1</name>
         <load_address>0x20000fa8</load_address>
         <run_address>0x20000fa8</run_address>
         <size>0x18</size>
         <input_file_ref idref="fl-2c"/>
      </object_component>
      <object_component id="oc-374">
         <name>.data:$O1$$</name>
         <load_address>0x20000fd0</load_address>
         <run_address>0x20000fd0</run_address>
         <size>0xc</size>
         <input_file_ref idref="fl-ff"/>
      </object_component>
      <object_component id="oc-2ea">
         <name>.data:$O1$$</name>
         <load_address>0x20000fdc</load_address>
         <run_address>0x20000fdc</run_address>
         <size>0x8</size>
         <input_file_ref idref="fl-100"/>
      </object_component>
      <object_component id="oc-2ed">
         <name>.data:_ftable</name>
         <load_address>0x20000d30</load_address>
         <run_address>0x20000d30</run_address>
         <size>0xf0</size>
         <input_file_ref idref="fl-104"/>
      </object_component>
      <object_component id="oc-6fa">
         <name>.data</name>
         <load_address>0x20000fc0</load_address>
         <run_address>0x20000fc0</run_address>
         <size>0x10</size>
         <input_file_ref idref="fl-104"/>
      </object_component>
      <object_component id="oc-638">
         <name>.data:$O1$$</name>
         <load_address>0x20000fe4</load_address>
         <run_address>0x20000fe4</run_address>
         <size>0x8</size>
         <input_file_ref idref="fl-107"/>
      </object_component>
      <object_component id="oc-6de">
         <name>.data:_device</name>
         <load_address>0x20000e20</load_address>
         <run_address>0x20000e20</run_address>
         <size>0x78</size>
         <input_file_ref idref="fl-10c"/>
      </object_component>
      <object_component id="oc-695">
         <name>.data:_stream</name>
         <load_address>0x20000e98</load_address>
         <run_address>0x20000e98</run_address>
         <size>0x50</size>
         <input_file_ref idref="fl-10c"/>
      </object_component>
      <object_component id="oc-587">
         <name>.data</name>
         <load_address>0x20000ff4</load_address>
         <run_address>0x20000ff4</run_address>
         <size>0x4</size>
         <input_file_ref idref="fl-10d"/>
      </object_component>
      <object_component id="oc-362">
         <name>.bss:BR_buffer</name>
         <uninitialized>true</uninitialized>
         <run_address>0x200003a0</run_address>
         <size>0x100</size>
         <input_file_ref idref="fl-6"/>
      </object_component>
      <object_component id="oc-33f">
         <name>.bss:$P$T0$1</name>
[...]
         <value>0x28f95</value>
         <object_component_ref idref="oc-4d3"/>
      </symbol>
      <symbol id="sm-1555">
         <name>memcpy</name>
         <value>0x28157</value>
         <object_component_ref idref="oc-3b"/>
      </symbol>
      <symbol id="sm-1556">
         <name>__aeabi_memcpy</name>
         <value>0x28157</value>
         <object_component_ref idref="oc-3b"/>
      </symbol>
      <symbol id="sm-1557">
         <name>__aeabi_memcpy8</name>
         <value>0x28157</value>
         <object_component_ref idref="oc-3b"/>
      </symbol>
      <symbol id="sm-1558">
         <name>__aeabi_memcpy4</name>
         <value>0x28157</value>
         <object_component_ref idref="oc-3b"/>
      </symbol>
      <symbol id="sm-1562">
         <name>__aeabi_ui2d</name>
         <value>0x290b5</value>
         <object_component_ref idref="oc-369"/>
      </symbol>
      <symbol id="sm-1571">
         <name>__aeabi_memset</name>
         <value>0x28423</value>
         <object_component_ref idref="oc-a7"/>
      </symbol>
      <symbol id="sm-1572">
         <name>memset</name>
         <value>0x28429</value>
         <object_component_ref idref="oc-a7"/>
      </symbol>
      <symbol id="sm-1573">
         <name>__aeabi_memset8</name>
         <value>0x28423</value>
         <object_component_ref idref="oc-a7"/>
      </symbol>
      <symbol id="sm-1574">
         <name>__aeabi_memset4</name>
         <value>0x28423</value>
         <object_component_ref idref="oc-a7"/>
      </symbol>
      <symbol id="sm-1575">
         <name>__aeabi_memclr8</name>
         <value>0x28421</value>
         <object_component_ref idref="oc-a7"/>
      </symbol>
      <symbol id="sm-1576">
         <name>__aeabi_memclr4</name>
         <value>0x28421</value>
         <object_component_ref idref="oc-a7"/>
      </symbol>
      <symbol id="sm-1577">
         <name>__aeabi_memclr</name>
         <value>0x28421</value>
         <object_component_ref idref="oc-a7"/>
      </symbol>
      <symbol id="sm-1584">
         <name>__aeabi_uldivmod</name>
         <value>0x281f3</value>
         <object_component_ref idref="oc-543"/>
      </symbol>
      <symbol id="sm-1596">
         <name>__TI_zero_init</name>
         <value>0x291ab</value>
         <object_component_ref idref="oc-4d"/>
      </symbol>
      <symbol id="sm-15ad">
         <name>__TI_decompress_none</name>
         <value>0x2918f</value>
         <object_component_ref idref="oc-1e"/>
      </symbol>
      <symbol id="sm-15d0">
         <name>__TI_decompress_lzss</name>
         <value>0x286c5</value>
         <object_component_ref idref="oc-18"/>
      </symbol>
      <symbol id="sm-15f6">
         <name>C$$EXIT</name>
         <value>0x291d5</value>
         <object_component_ref idref="oc-1d2"/>
      </symbol>
      <symbol id="sm-15f7">
         <name>abort</name>
         <value>0x291d5</value>
         <object_component_ref idref="oc-1d2"/>
      </symbol>
      <symbol id="sm-15f8">
         <name>__TI_dtors_ptr</name>
         <value>0x20000fd4</value>
         <object_component_ref idref="oc-374"/>
      </symbol>
      <symbol id="sm-15f9">
         <name>__TI_cleanup_ptr</name>
         <value>0x20000fd0</value>
         <object_component_ref idref="oc-374"/>
      </symbol>
      <symbol id="sm-15fa">
         <name>__TI_enable_exit_profile_output</name>
         <value>0x20000fd8</value>
         <object_component_ref idref="oc-374"/>
      </symbol>
      <symbol id="sm-15fb">
         <name>exit</name>
         <value>0x28bc1</value>
         <object_component_ref idref="oc-1d8"/>
      </symbol>
      <symbol id="sm-1610">
         <name>_nop</name>
         <value>0x220f3</value>
         <object_component_ref idref="oc-41a"/>
      </symbol>
      <symbol id="sm-1611">
         <name>_lock</name>
         <value>0x20000fdc</value>
         <object_component_ref idref="oc-2ea"/>
      </symbol>
      <symbol id="sm-1612">
         <name>_unlock</name>
         <value>0x20000fe0</value>
         <object_component_ref idref="oc-2ea"/>
      </symbol>
      <symbol id="sm-1621">
         <name>__TI_ltoa</name>
         <value>0x28a83</value>
         <object_component_ref idref="oc-54a"/>
      </symbol>
      <symbol id="sm-1637">
         <name>atoi</name>
         <value>0x28b75</value>
         <object_component_ref idref="oc-3d3"/>
      </symbol>
      <symbol id="sm-1642">
         <name>_ctypes_</name>
         <value>0xe4</value>
         <object_component_ref idref="oc-53e"/>
      </symbol>
      <symbol id="sm-1657">
         <name>__TI_tmpnams</name>
         <value>0x20000780</value>
      </symbol>
      <symbol id="sm-1658">
         <name>__aeabi_stdout</name>
         <value>0x20000fc8</value>
         <object_component_ref idref="oc-6fa"/>
      </symbol>
      <symbol id="sm-1659">
         <name>__aeabi_stderr</name>
         <value>0x20000fcc</value>
         <object_component_ref idref="oc-6fa"/>
      </symbol>
      <symbol id="sm-165a">
         <name>__aeabi_stdin</name>
         <value>0x20000fc4</value>
         <object_component_ref idref="oc-6fa"/>
      </symbol>
      <symbol id="sm-165b">
         <name>_ftable</name>
         <value>0x20000d30</value>
         <object_component_ref idref="oc-2ed"/>
      </symbol>
      <symbol id="sm-165c">
         <name>__TI_ft_end</name>
         <value>0x20000fc0</value>
         <object_component_ref idref="oc-6fa"/>
      </symbol>
      <symbol id="sm-166c">
         <name>memccpy</name>
         <value>0x290f1</value>
         <object_component_ref idref="oc-3fc"/>
      </symbol>
      <symbol id="sm-167c">
         <name>memchr</name>
         <value>0x29095</value>
         <object_component_ref idref="oc-5a8"/>
      </symbol>
      <symbol id="sm-1705">
         <name>_sys_memory</name>
         <value>0x20000930</value>
         <object_component_ref idref="oc-2a"/>
      </symbol>
      <symbol id="sm-1706">
         <name>free</name>
         <value>0x27d49</value>
         <object_component_ref idref="oc-4fc"/>
      </symbol>
      <symbol id="sm-1707">
         <name>memalign</name>
         <value>0x27871</value>
         <object_component_ref idref="oc-4f5"/>
      </symbol>
      <symbol id="sm-1708">
         <name>malloc</name>
         <value>0x291c1</value>
         <object_component_ref idref="oc-32c"/>
      </symbol>
      <symbol id="sm-1709">
         <name>aligned_alloc</name>
         <value>0x27871</value>
         <object_component_ref idref="oc-4f5"/>
      </symbol>
      <symbol id="sm-1719">
         <name>strchr</name>
         <value>0x2913f</value>
         <object_component_ref idref="oc-577"/>
      </symbol>
      <symbol id="sm-1727">
         <name>strlen</name>
         <value>0x29169</value>
         <object_component_ref idref="oc-3cd"/>
      </symbol>
      <symbol id="sm-173a">
         <name>__stack</name>
         <value>0x2000fe00</value>
         <object_component_ref idref="oc-2d"/>
      </symbol>
      <symbol id="sm-173b">
         <name>_c_int00_noargs</name>
         <value>0x28f31</value>
         <object_component_ref idref="oc-59"/>
      </symbol>
      <symbol id="sm-1755">
         <name>write</name>
         <value>0x2906d</value>
         <object_component_ref idref="oc-5b4"/>
      </symbol>
      <symbol id="sm-1766">
         <name>_stream</name>
         <value>0x20000e98</value>
         <object_component_ref idref="oc-695"/>
      </symbol>
      <symbol id="sm-1767">
         <name>_device</name>
         <value>0x20000e20</value>
         <object_component_ref idref="oc-6de"/>
      </symbol>
      <symbol id="sm-177d">
         <name>__aeabi_errno_addr</name>
         <value>0x291b9</value>
         <object_component_ref idref="oc-408"/>
      </symbol>
      <symbol id="sm-177e">
         <name>errno</name>
         <value>0x20000ff4</value>
         <object_component_ref idref="oc-587"/>
      </symbol>
      <symbol id="sm-1797">
         <name>wcslen</name>
         <value>0x2917d</value>
         <object_component_ref idref="oc-402"/>
      </symbol>
      <symbol id="sm-17b7">
         <name>frexpl</name>
         <value>0x28795</value>
         <object_component_ref idref="oc-56b"/>
      </symbol>
      <symbol id="sm-17b8">
         <name>frexp</name>
         <value>0x28795</value>
         <object_component_ref idref="oc-56b"/>
      </symbol>
      <symbol id="sm-17d5">
         <name>scalbn</name>
         <value>0x27761</value>
         <object_component_ref idref="oc-571"/>
      </symbol>
      <symbol id="sm-17d6">
         <name>scalbnl</name>
         <value>0x27761</value>
         <object_component_ref idref="oc-571"/>
      </symbol>
      <symbol id="sm-17d7">
         <name>ldexpl</name>
         <value>0x27761</value>
         <object_component_ref idref="oc-571"/>
      </symbol>
      <symbol id="sm-17d8">
         <name>ldexp</name>
         <value>0x27761</value>
         <object_component_ref idref="oc-571"/>
      </symbol>
      <symbol id="sm-17e8">
         <name>__TI_doflush</name>
         <value>0x28b29</value>
         <object_component_ref idref="oc-5ae"/>
      </symbol>
      <symbol id="sm-17f8">
         <name>__TI_cleanup</name>
         <value>0x28ec9</value>
         <object_component_ref idref="oc-6cb"/>
      </symbol>
      <symbol id="sm-180a">
         <name>fseek</name>
         <value>0x287f9</value>
         <object_component_ref idref="oc-683"/>
      </symbol>
      <symbol id="sm-1814">
         <name>__aeabi_idiv0</name>
         <value>0x26c0f</value>
         <object_component_ref idref="oc-654"/>
      </symbol>
      <symbol id="sm-1815">
         <name>__aeabi_ldiv0</name>
         <value>0x26c0f</value>
         <object_component_ref idref="oc-654"/>
      </symbol>
      <symbol id="sm-183d">
         <name>__TI_auto_init_nobinit_nopinit</name>
         <value>0x28cd9</value>
         <object_component_ref idref="oc-1de"/>
      </symbol>
      <symbol id="sm-1847">
         <name>_system_pre_init</name>
         <value>0x291d1</value>
         <object_component_ref idref="oc-ad"/>
      </symbol>
      <symbol id="sm-185a">
         <name>HOSTclose</name>
         <value>0x28c51</value>
         <object_component_ref idref="oc-706"/>
      </symbol>
      <symbol id="sm-186b">
         <name>HOSTlseek</name>
         <value>0x2865d</value>
         <object_component_ref idref="oc-718"/>
      </symbol>
      <symbol id="sm-187d">
         <name>parmbuf</name>
         <value>0x20000908</value>
      </symbol>
      <symbol id="sm-187e">
         <name>HOSTopen</name>
         <value>0x288c1</value>
         <object_component_ref idref="oc-700"/>
      </symbol>
      <symbol id="sm-188f">
         <name>HOSTread</name>
         <value>0x2897d</value>
         <object_component_ref idref="oc-70c"/>
      </symbol>
      <symbol id="sm-18a0">
         <name>HOSTrename</name>
         <value>0x285f1</value>
         <object_component_ref idref="oc-724"/>
      </symbol>
      <symbol id="sm-18b1">
         <name>HOSTunlink</name>
         <value>0x28c95</value>
         <object_component_ref idref="oc-71e"/>
      </symbol>
      <symbol id="sm-18c2">
         <name>HOSTwrite</name>
         <value>0x289d5</value>
         <object_component_ref idref="oc-712"/>
      </symbol>
      <symbol id="sm-18e6">
         <name>__TI_readmsg</name>
         <value>0x28efd</value>
         <object_component_ref idref="oc-747"/>
      </symbol>
      <symbol id="sm-18e7">
         <name>C$$IO$$</name>
         <value>0x28e4f</value>
         <object_component_ref idref="oc-741"/>
      </symbol>
      <symbol id="sm-18e8">
         <name>__CIOBUF_</name>
         <value>0x20000280</value>
         <object_component_ref idref="oc-76f"/>
      </symbol>
      <symbol id="sm-18e9">
         <name>__TI_writemsg</name>
         <value>0x28e21</value>
         <object_component_ref idref="oc-741"/>
      </symbol>
      <symbol id="sm-18fa">
         <name>lseek</name>
         <value>0x29045</value>
         <object_component_ref idref="oc-6c3"/>
      </symbol>
      <symbol id="sm-1904">
         <name>copysign</name>
         <value>0x2910d</value>
         <object_component_ref idref="oc-667"/>
      </symbol>
      <symbol id="sm-1905">
         <name>copysignl</name>
         <value>0x2910d</value>
         <object_component_ref idref="oc-667"/>
      </symbol>
      <symbol id="sm-191a">
         <name>__TI_closefile</name>
         <value>0x2849d</value>
         <object_component_ref idref="oc-6f4"/>
      </symbol>
      <symbol id="sm-193d">
         <name>finddevice</name>
         <value>0x28f65</value>
         <object_component_ref idref="oc-78d"/>
      </symbol>
      <symbol id="sm-193e">
         <name>getdevice</name>
         <value>0x28d1d</value>
         <object_component_ref idref="oc-765"/>
      </symbol>
      <symbol id="sm-194d">
         <name>strcmp</name>
         <value>0x29127</value>
         <object_component_ref idref="oc-7a4"/>
      </symbol>
      <symbol id="sm-195b">
         <name>strcpy</name>
         <value>0x29155</value>
         <object_component_ref idref="oc-75b"/>
      </symbol>
      <symbol id="sm-196b">
         <name>strncpy</name>
         <value>0x28e91</value>
         <object_component_ref idref="oc-787"/>
      </symbol>
      <symbol id="sm-1980">
         <name>close</name>
         <value>0x28921</value>
         <object_component_ref idref="oc-730"/>
      </symbol>
      <symbol id="sm-1990">
         <name>unlink</name>
         <value>0x28ff1</value>
         <object_component_ref idref="oc-736"/>
      </symbol>
      <symbol id="sm-1991">
         <name>__TI_static_base__</name>
         <value>0x0</value>
      </symbol>
      <symbol id="sm-1994">
         <name>__mpu_init</name>
         <value>0x0</value>
      </symbol>
      <symbol id="sm-1995">
         <name>_system_post_cinit</name>
         <value>0x0</value>
      </symbol>
      <symbol id="sm-1996">
         <name>NMI_Handler</name>
         <value>0x291a9</value>
      </symbol>
      <symbol id="sm-1997">
         <name>HardFault_Handler</name>
         <value>0x291a9</value>
      </symbol>
      <symbol id="sm-1998">
         <name>MemManage_Handler</name>
         <value>0x291a9</value>
      </symbol>
      <symbol id="sm-1999">
         <name>BusFault_Handler</name>
         <value>0x291a9</value>
      </symbol>
      <symbol id="sm-199a">
         <name>UsageFault_Handler</name>
         <value>0x291a9</value>
      </symbol>
      <symbol id="sm-199b">
         <name>SVC_Handler</name>
         <value>0x291a9</value>
      </symbol>
      <symbol id="sm-199c">
         <name>DebugMon_Handler</name>
         <value>0x291a9</value>
      </symbol>
      <symbol id="sm-199d">
         <name>PendSV_Handler</name>
         <value>0x291a9</value>
      </symbol>
      <symbol id="sm-199e">
         <name>SysTick_Handler</name>
         <value>0x291a9</value>
      </symbol>
      <symbol id="sm-199f">
         <name>PSS_IRQHandler</name>
         <value>0x291a9</value>
      </symbol>
      <symbol id="sm-19a0">
         <name>CS_IRQHandler</name>
         <value>0x291a9</value>
      </symbol>
      <symbol id="sm-19a1">
         <name>PCM_IRQHandler</name>
         <value>0x291a9</value>
      </symbol>
      <symbol id="sm-19a2">
         <name>WDT_A_IRQHandler</name>
         <value>0x291a9</value>
      </symbol>
      <symbol id="sm-19a3">
         <name>FPU_IRQHandler</name>
         <value>0x291a9</value>
      </symbol>
      <symbol id="sm-19a4">
         <name>FLCTL_IRQHandler</name>
         <value>0x291a9</value>
      </symbol>
      <symbol id="sm-19a5">
         <name>COMP_E0_IRQHandler</name>
         <value>0x291a9</value>
      </symbol>
      <symbol id="sm-19a6">
         <name>COMP_E1_IRQHandler</name>
         <value>0x291a9</value>
      </symbol>
      <symbol id="sm-19a7">
         <name>TA0_0_IRQHandler</name>
         <value>0x291a9</value>
      </symbol>
      <symbol id="sm-19a8">
         <name>TA0_N_IRQHandler</name>
         <value>0x291a9</value>
      </symbol>
      <symbol id="sm-19a9">
         <name>TA1_0_IRQHandler</name>
         <value>0x26ff3</value>
      </symbol>
      <symbol id="sm-19aa">
         <name>TA1_N_IRQHandler</name>
         <value>0x291a9</value>
      </symbol>
      <symbol id="sm-19ab">
         <name>TA2_0_IRQHandler</name>
         <value>0x291a9</value>
      </symbol>
      <symbol id="sm-19ac">
         <name>TA2_N_IRQHandler</name>
         <value>0x291a9</value>
      </symbol>
      <symbol id="sm-19ad">
         <name>TA3_0_IRQHandler</name>
         <value>0x291a9</value>
      </symbol>
      <symbol id="sm-19ae">
         <name>TA3_N_IRQHandler</name>
         <value>0x291a9</value>
      </symbol>
      <symbol id="sm-19af">
         <name>EUSCIA0_IRQHandler</name>
         <value>0x2513b</value>
      </symbol>
      <symbol id="sm-19b0">
         <name>EUSCIA1_IRQHandler</name>
         <value>0x2520d</value>
      </symbol>
      <symbol id="sm-19b1">
         <name>EUSCIA2_IRQHandler</name>
         <value>0x25177</value>
      </symbol>
      <symbol id="sm-19b2">
         <name>EUSCIA3_IRQHandler</name>
         <value>0x291a9</value>
      </symbol>
      <symbol id="sm-19b3">
         <name>EUSCIB0_IRQHandler</name>
         <value>0x2662f</value>
      </symbol>
      <symbol id="sm-19b4">
         <name>EUSCIB1_IRQHandler</name>
         <value>0x291a9</value>
      </symbol>
      <symbol id="sm-19b5">
         <name>EUSCIB2_IRQHandler</name>
         <value>0x251b3</value>
      </symbol>
      <symbol id="sm-19b6">
         <name>EUSCIB3_IRQHandler</name>
         <value>0x26661</value>
      </symbol>
      <symbol id="sm-19b7">
         <name>ADC14_IRQHandler</name>
         <value>0x291a9</value>
      </symbol>
      <symbol id="sm-19b8">
         <name>T32_INT1_IRQHandler</name>
         <value>0x291a9</value>
      </symbol>
      <symbol id="sm-19b9">
         <name>T32_INT2_IRQHandler</name>
         <value>0x291a9</value>
      </symbol>
      <symbol id="sm-19ba">
         <name>T32_INTC_IRQHandler</name>
         <value>0x291a9</value>
      </symbol>
      <symbol id="sm-19bb">
         <name>AES256_IRQHandler</name>
         <value>0x291a9</value>
      </symbol>
      <symbol id="sm-19bc">
         <name>RTC_C_IRQHandler</name>
         <value>0x291a9</value>
      </symbol>
      <symbol id="sm-19bd">
         <name>DMA_ERR_IRQHandler</name>
         <value>0x291a9</value>
      </symbol>
      <symbol id="sm-19be">
         <name>DMA_INT3_IRQHandler</name>
         <value>0x291a9</value>
      </symbol>
      <symbol id="sm-19bf">
         <name>DMA_INT2_IRQHandler</name>
         <value>0x291a9</value>
      </symbol>
      <symbol id="sm-19c0">
         <name>DMA_INT1_IRQHandler</name>
         <value>0x291a9</value>
      </symbol>
      <symbol id="sm-19c1">
         <name>DMA_INT0_IRQHandler</name>
         <value>0x291a9</value>
      </symbol>
      <symbol id="sm-19c2">
         <name>PORT1_IRQHandler</name>
         <value>0x291a9</value>
      </symbol>
      <symbol id="sm-19c3">
         <name>PORT2_IRQHandler</name>
         <value>0x291a9</value>
      </symbol>
      <symbol id="sm-19c4">
         <name>PORT3_IRQHandler</name>
         <value>0x291a9</value>
      </symbol>
      <symbol id="sm-19c5">
         <name>PORT4_IRQHandler</name>
         <value>0x291a9</value>
      </symbol>
      <symbol id="sm-19c6">
         <name>PORT5_IRQHandler</name>
         <value>0x291a9</value>
      </symbol>
      <symbol id="sm-19c7">
         <name>PORT6_IRQHandler</name>
         <value>0x26841</value>
      </symbol>
      <symbol id="sm-19c8">
         <name>remove</name>
         <value>0x28ff1</value>
      </symbol>
   </symbol_table>
   <title>Link successful</title>
</link_info>
